MySQL Shell 8.0.31

Copyright (c) 2016, 2022, Oracle and/or its affiliates.
Oracle is a registered trademark of Oracle Corporation and/or its affiliates.
Other names may be trademarks of their respective owners.

Type '\help' or '\?' for help; '\quit' to exit.
 MySQL  JS > \sql
Switching to SQL mode... Commands end with ;
 MySQL  SQL > \connect --mc root@localhost
Creating a Classic session to 'root@localhost'
Fetching global names for auto-completion... Press ^C to stop.
Your MySQL connection id is 8
Server version: 8.0.31 MySQL Community Server - GPL
No default schema selected; type \use <schema> to set one.
 MySQL  localhost:3306 ssl  SQL > show tables;
ERROR: 1046 (3D000): No database selected
 MySQL  localhost:3306 ssl  SQL > show databases;
+--------------------+
| Database           |
+--------------------+
| agencia            |
| bdpendientes       |
| comp2              |
| company            |
| credit_cards       |
| employee           |
| eva_2              |
| evaluacion_1       |
| hikvision          |
| information_schema |
| mysql              |
| orders             |
| peliculas          |
| performance_schema |
| sakila             |
| sys                |
| ventas             |
+--------------------+
17 rows in set (0.0533 sec)
 MySQL  localhost:3306 ssl  SQL > show tables;
ERROR: 1046 (3D000): No database selected
 MySQL  localhost:3306 ssl  SQL > use comp2;
Default schema set to `comp2`.
Fetching global names, object names from `comp2` for auto-completion... Press ^C to stop.
 MySQL  localhost:3306 ssl  comp2  SQL > show tables;
+-----------------+
| Tables_in_comp2 |
+-----------------+
| countries       |
| departments     |
| employees       |
| job_history     |
| jobs            |
| locations       |
| regions         |
+-----------------+
7 rows in set (0.0032 sec)
 MySQL  localhost:3306 ssl  comp2  SQL > desc employees;
+----------------+--------------+------+-----+---------+-------+
| Field          | Type         | Null | Key | Default | Extra |
+----------------+--------------+------+-----+---------+-------+
| EMPLOYEE_ID    | decimal(6,0) | NO   | PRI | 0       |       |
| FIRST_NAME     | varchar(20)  | YES  |     | NULL    |       |
| LAST_NAME      | varchar(25)  | NO   | MUL | NULL    |       |
| EMAIL          | varchar(25)  | NO   | UNI | NULL    |       |
| PHONE_NUMBER   | varchar(20)  | YES  |     | NULL    |       |
| HIRE_DATE      | date         | NO   |     | NULL    |       |
| JOB_ID         | varchar(10)  | NO   | MUL | NULL    |       |
| SALARY         | decimal(8,2) | YES  |     | NULL    |       |
| COMMISSION_PCT | decimal(2,2) | YES  |     | NULL    |       |
| MANAGER_ID     | decimal(6,0) | YES  | MUL | NULL    |       |
| DEPARTMENT_ID  | decimal(4,0) | YES  | MUL | NULL    |       |
+----------------+--------------+------+-----+---------+-------+
11 rows in set (0.0060 sec)
 MySQL  localhost:3306 ssl  comp2  SQL > desc jobs;
+------------+--------------+------+-----+---------+-------+
| Field      | Type         | Null | Key | Default | Extra |
+------------+--------------+------+-----+---------+-------+
| JOB_ID     | varchar(10)  | NO   | PRI |         |       |
| JOB_TITLE  | varchar(35)  | NO   |     | NULL    |       |
| MIN_SALARY | decimal(6,0) | YES  |     | NULL    |       |
| MAX_SALARY | decimal(6,0) | YES  |     | NULL    |       |
+------------+--------------+------+-----+---------+-------+
4 rows in set (0.0038 sec)
 MySQL  localhost:3306 ssl  comp2  SQL > select a.employee_id, a.first_name, a.last_name, b.job_title from employees a inner join jobs b on a.job_id = b.job_id;
+-------------+-------------+-------------+---------------------------------+
| employee_id | first_name  | last_name   | job_title                       |
+-------------+-------------+-------------+---------------------------------+
|         206 | William     | Gietz       | Public Accountant               |
|         205 | Shelley     | Higgins     | Accounting Manager              |
|         200 | Jennifer    | Whalen      | Administration Assistant        |
|         100 | Steven      | King        | President                       |
|         101 | Neena       | Kochhar     | Administration Vice President   |
|         102 | Lex         | De Haan     | Administration Vice President   |
|         109 | Daniel      | Faviet      | Accountant                      |
|         110 | John        | Chen        | Accountant                      |
|         111 | Ismael      | Sciarra     | Accountant                      |
|         112 | Jose Manuel | Urman       | Accountant                      |
|         113 | Luis        | Popp        | Accountant                      |
|         108 | Nancy       | Greenberg   | Finance Manager                 |
|         203 | Susan       | Mavris      | Human Resources Representative  |
|         103 | Alexander   | Hunold      | Programmer                      |
|         104 | Bruce       | Ernst       | Programmer                      |
|         105 | David       | Austin      | Programmer                      |
|         106 | Valli       | Pataballa   | Programmer                      |
|         107 | Diana       | Lorentz     | Programmer                      |
|         201 | Michael     | Hartstein   | Marketing Manager               |
|         202 | Pat         | Fay         | Marketing Representative        |
|         204 | Hermann     | Baer        | Public Relations Representative |
|         115 | Alexander   | Khoo        | Purchasing Clerk                |
|         116 | Shelli      | Baida       | Purchasing Clerk                |
|         117 | Sigal       | Tobias      | Purchasing Clerk                |
|         118 | Guy         | Himuro      | Purchasing Clerk                |
|         119 | Karen       | Colmenares  | Purchasing Clerk                |
|         114 | Den         | Raphaely    | Purchasing Manager              |
|         145 | John        | Russell     | Sales Manager                   |
|         146 | Karen       | Partners    | Sales Manager                   |
|         147 | Alberto     | Errazuriz   | Sales Manager                   |
|         148 | Gerald      | Cambrault   | Sales Manager                   |
|         149 | Eleni       | Zlotkey     | Sales Manager                   |
|         150 | Peter       | Tucker      | Sales Representative            |
|         151 | David       | Bernstein   | Sales Representative            |
|         152 | Peter       | Hall        | Sales Representative            |
|         153 | Christopher | Olsen       | Sales Representative            |
|         154 | Nanette     | Cambrault   | Sales Representative            |
|         155 | Oliver      | Tuvault     | Sales Representative            |
|         156 | Janette     | King        | Sales Representative            |
|         157 | Patrick     | Sully       | Sales Representative            |
|         158 | Allan       | McEwen      | Sales Representative            |
|         159 | Lindsey     | Smith       | Sales Representative            |
|         160 | Louise      | Doran       | Sales Representative            |
|         161 | Sarath      | Sewall      | Sales Representative            |
|         162 | Clara       | Vishney     | Sales Representative            |
|         163 | Danielle    | Greene      | Sales Representative            |
|         164 | Mattea      | Marvins     | Sales Representative            |
|         165 | David       | Lee         | Sales Representative            |
|         166 | Sundar      | Ande        | Sales Representative            |
|         167 | Amit        | Banda       | Sales Representative            |
|         168 | Lisa        | Ozer        | Sales Representative            |
|         169 | Harrison    | Bloom       | Sales Representative            |
|         170 | Tayler      | Fox         | Sales Representative            |
|         171 | William     | Smith       | Sales Representative            |
|         172 | Elizabeth   | Bates       | Sales Representative            |
|         173 | Sundita     | Kumar       | Sales Representative            |
|         174 | Ellen       | Abel        | Sales Representative            |
|         175 | Alyssa      | Hutton      | Sales Representative            |
|         176 | Jonathon    | Taylor      | Sales Representative            |
|         177 | Jack        | Livingston  | Sales Representative            |
|         178 | Kimberely   | Grant       | Sales Representative            |
|         179 | Charles     | Johnson     | Sales Representative            |
|         180 | Winston     | Taylor      | Shipping Clerk                  |
|         181 | Jean        | Fleaur      | Shipping Clerk                  |
|         182 | Martha      | Sullivan    | Shipping Clerk                  |
|         183 | Girard      | Geoni       | Shipping Clerk                  |
|         184 | Nandita     | Sarchand    | Shipping Clerk                  |
|         185 | Alexis      | Bull        | Shipping Clerk                  |
|         186 | Julia       | Dellinger   | Shipping Clerk                  |
|         187 | Anthony     | Cabrio      | Shipping Clerk                  |
|         188 | Kelly       | Chung       | Shipping Clerk                  |
|         189 | Jennifer    | Dilly       | Shipping Clerk                  |
|         190 | Timothy     | Gates       | Shipping Clerk                  |
|         191 | Randall     | Perkins     | Shipping Clerk                  |
|         192 | Sarah       | Bell        | Shipping Clerk                  |
|         193 | Britney     | Everett     | Shipping Clerk                  |
|         194 | Samuel      | McCain      | Shipping Clerk                  |
|         195 | Vance       | Jones       | Shipping Clerk                  |
|         196 | Alana       | Walsh       | Shipping Clerk                  |
|         197 | Kevin       | Feeney      | Shipping Clerk                  |
|         198 | Donald      | OConnell    | Shipping Clerk                  |
|         199 | Douglas     | Grant       | Shipping Clerk                  |
|         125 | Julia       | Nayer       | Stock Clerk                     |
|         126 | Irene       | Mikkilineni | Stock Clerk                     |
|         127 | James       | Landry      | Stock Clerk                     |
|         128 | Steven      | Markle      | Stock Clerk                     |
|         129 | Laura       | Bissot      | Stock Clerk                     |
|         130 | Mozhe       | Atkinson    | Stock Clerk                     |
|         131 | James       | Marlow      | Stock Clerk                     |
|         132 | TJ          | Olson       | Stock Clerk                     |
|         133 | Jason       | Mallin      | Stock Clerk                     |
|         134 | Michael     | Rogers      | Stock Clerk                     |
|         135 | Ki          | Gee         | Stock Clerk                     |
|         136 | Hazel       | Philtanker  | Stock Clerk                     |
|         137 | Renske      | Ladwig      | Stock Clerk                     |
|         138 | Stephen     | Stiles      | Stock Clerk                     |
|         139 | John        | Seo         | Stock Clerk                     |
|         140 | Joshua      | Patel       | Stock Clerk                     |
|         141 | Trenna      | Rajs        | Stock Clerk                     |
|         142 | Curtis      | Davies      | Stock Clerk                     |
|         143 | Randall     | Matos       | Stock Clerk                     |
|         144 | Peter       | Vargas      | Stock Clerk                     |
|         120 | Matthew     | Weiss       | Stock Manager                   |
|         121 | Adam        | Fripp       | Stock Manager                   |
|         122 | Payam       | Kaufling    | Stock Manager                   |
|         123 | Shanta      | Vollman     | Stock Manager                   |
|         124 | Kevin       | Mourgos     | Stock Manager                   |
+-------------+-------------+-------------+---------------------------------+
107 rows in set (0.4667 sec)
 MySQL  localhost:3306 ssl  comp2  SQL > desc employees;
+----------------+--------------+------+-----+---------+-------+
| Field          | Type         | Null | Key | Default | Extra |
+----------------+--------------+------+-----+---------+-------+
| EMPLOYEE_ID    | decimal(6,0) | NO   | PRI | 0       |       |
| FIRST_NAME     | varchar(20)  | YES  |     | NULL    |       |
| LAST_NAME      | varchar(25)  | NO   | MUL | NULL    |       |
| EMAIL          | varchar(25)  | NO   | UNI | NULL    |       |
| PHONE_NUMBER   | varchar(20)  | YES  |     | NULL    |       |
| HIRE_DATE      | date         | NO   |     | NULL    |       |
| JOB_ID         | varchar(10)  | NO   | MUL | NULL    |       |
| SALARY         | decimal(8,2) | YES  |     | NULL    |       |
| COMMISSION_PCT | decimal(2,2) | YES  |     | NULL    |       |
| MANAGER_ID     | decimal(6,0) | YES  | MUL | NULL    |       |
| DEPARTMENT_ID  | decimal(4,0) | YES  | MUL | NULL    |       |
+----------------+--------------+------+-----+---------+-------+
11 rows in set (0.0034 sec)
 MySQL  localhost:3306 ssl  comp2  SQL > desc jobs;
+------------+--------------+------+-----+---------+-------+
| Field      | Type         | Null | Key | Default | Extra |
+------------+--------------+------+-----+---------+-------+
| JOB_ID     | varchar(10)  | NO   | PRI |         |       |
| JOB_TITLE  | varchar(35)  | NO   |     | NULL    |       |
| MIN_SALARY | decimal(6,0) | YES  |     | NULL    |       |
| MAX_SALARY | decimal(6,0) | YES  |     | NULL    |       |
+------------+--------------+------+-----+---------+-------+
4 rows in set (0.0028 sec)
 MySQL  localhost:3306 ssl  comp2  SQL > select a.employee_id, a.first_name, a.last_name, b.nim_salary, b.max_salary from employees a inner join jobs b on a.job_id = b.job_id;
ERROR: 1054 (42S22): Unknown column 'b.nim_salary' in 'field list'
 MySQL  localhost:3306 ssl  comp2  SQL > select a.employee_id, a.first_name, a.last_name, b.min_salary, b.max_salary from employees a inner join jobs b on a.job_id = b.job_id;
+-------------+-------------+-------------+------------+------------+
| employee_id | first_name  | last_name   | min_salary | max_salary |
+-------------+-------------+-------------+------------+------------+
|         206 | William     | Gietz       |       4200 |       9000 |
|         205 | Shelley     | Higgins     |       8200 |      16000 |
|         200 | Jennifer    | Whalen      |       3000 |       6000 |
|         100 | Steven      | King        |      20000 |      40000 |
|         101 | Neena       | Kochhar     |      15000 |      30000 |
|         102 | Lex         | De Haan     |      15000 |      30000 |
|         109 | Daniel      | Faviet      |       4200 |       9000 |
|         110 | John        | Chen        |       4200 |       9000 |
|         111 | Ismael      | Sciarra     |       4200 |       9000 |
|         112 | Jose Manuel | Urman       |       4200 |       9000 |
|         113 | Luis        | Popp        |       4200 |       9000 |
|         108 | Nancy       | Greenberg   |       8200 |      16000 |
|         203 | Susan       | Mavris      |       4000 |       9000 |
|         103 | Alexander   | Hunold      |       4000 |      10000 |
|         104 | Bruce       | Ernst       |       4000 |      10000 |
|         105 | David       | Austin      |       4000 |      10000 |
|         106 | Valli       | Pataballa   |       4000 |      10000 |
|         107 | Diana       | Lorentz     |       4000 |      10000 |
|         201 | Michael     | Hartstein   |       9000 |      15000 |
|         202 | Pat         | Fay         |       4000 |       9000 |
|         204 | Hermann     | Baer        |       4500 |      10500 |
|         115 | Alexander   | Khoo        |       2500 |       5500 |
|         116 | Shelli      | Baida       |       2500 |       5500 |
|         117 | Sigal       | Tobias      |       2500 |       5500 |
|         118 | Guy         | Himuro      |       2500 |       5500 |
|         119 | Karen       | Colmenares  |       2500 |       5500 |
|         114 | Den         | Raphaely    |       8000 |      15000 |
|         145 | John        | Russell     |      10000 |      20000 |
|         146 | Karen       | Partners    |      10000 |      20000 |
|         147 | Alberto     | Errazuriz   |      10000 |      20000 |
|         148 | Gerald      | Cambrault   |      10000 |      20000 |
|         149 | Eleni       | Zlotkey     |      10000 |      20000 |
|         150 | Peter       | Tucker      |       6000 |      12000 |
|         151 | David       | Bernstein   |       6000 |      12000 |
|         152 | Peter       | Hall        |       6000 |      12000 |
|         153 | Christopher | Olsen       |       6000 |      12000 |
|         154 | Nanette     | Cambrault   |       6000 |      12000 |
|         155 | Oliver      | Tuvault     |       6000 |      12000 |
|         156 | Janette     | King        |       6000 |      12000 |
|         157 | Patrick     | Sully       |       6000 |      12000 |
|         158 | Allan       | McEwen      |       6000 |      12000 |
|         159 | Lindsey     | Smith       |       6000 |      12000 |
|         160 | Louise      | Doran       |       6000 |      12000 |
|         161 | Sarath      | Sewall      |       6000 |      12000 |
|         162 | Clara       | Vishney     |       6000 |      12000 |
|         163 | Danielle    | Greene      |       6000 |      12000 |
|         164 | Mattea      | Marvins     |       6000 |      12000 |
|         165 | David       | Lee         |       6000 |      12000 |
|         166 | Sundar      | Ande        |       6000 |      12000 |
|         167 | Amit        | Banda       |       6000 |      12000 |
|         168 | Lisa        | Ozer        |       6000 |      12000 |
|         169 | Harrison    | Bloom       |       6000 |      12000 |
|         170 | Tayler      | Fox         |       6000 |      12000 |
|         171 | William     | Smith       |       6000 |      12000 |
|         172 | Elizabeth   | Bates       |       6000 |      12000 |
|         173 | Sundita     | Kumar       |       6000 |      12000 |
|         174 | Ellen       | Abel        |       6000 |      12000 |
|         175 | Alyssa      | Hutton      |       6000 |      12000 |
|         176 | Jonathon    | Taylor      |       6000 |      12000 |
|         177 | Jack        | Livingston  |       6000 |      12000 |
|         178 | Kimberely   | Grant       |       6000 |      12000 |
|         179 | Charles     | Johnson     |       6000 |      12000 |
|         180 | Winston     | Taylor      |       2500 |       5500 |
|         181 | Jean        | Fleaur      |       2500 |       5500 |
|         182 | Martha      | Sullivan    |       2500 |       5500 |
|         183 | Girard      | Geoni       |       2500 |       5500 |
|         184 | Nandita     | Sarchand    |       2500 |       5500 |
|         185 | Alexis      | Bull        |       2500 |       5500 |
|         186 | Julia       | Dellinger   |       2500 |       5500 |
|         187 | Anthony     | Cabrio      |       2500 |       5500 |
|         188 | Kelly       | Chung       |       2500 |       5500 |
|         189 | Jennifer    | Dilly       |       2500 |       5500 |
|         190 | Timothy     | Gates       |       2500 |       5500 |
|         191 | Randall     | Perkins     |       2500 |       5500 |
|         192 | Sarah       | Bell        |       2500 |       5500 |
|         193 | Britney     | Everett     |       2500 |       5500 |
|         194 | Samuel      | McCain      |       2500 |       5500 |
|         195 | Vance       | Jones       |       2500 |       5500 |
|         196 | Alana       | Walsh       |       2500 |       5500 |
|         197 | Kevin       | Feeney      |       2500 |       5500 |
|         198 | Donald      | OConnell    |       2500 |       5500 |
|         199 | Douglas     | Grant       |       2500 |       5500 |
|         125 | Julia       | Nayer       |       2000 |       5000 |
|         126 | Irene       | Mikkilineni |       2000 |       5000 |
|         127 | James       | Landry      |       2000 |       5000 |
|         128 | Steven      | Markle      |       2000 |       5000 |
|         129 | Laura       | Bissot      |       2000 |       5000 |
|         130 | Mozhe       | Atkinson    |       2000 |       5000 |
|         131 | James       | Marlow      |       2000 |       5000 |
|         132 | TJ          | Olson       |       2000 |       5000 |
|         133 | Jason       | Mallin      |       2000 |       5000 |
|         134 | Michael     | Rogers      |       2000 |       5000 |
|         135 | Ki          | Gee         |       2000 |       5000 |
|         136 | Hazel       | Philtanker  |       2000 |       5000 |
|         137 | Renske      | Ladwig      |       2000 |       5000 |
|         138 | Stephen     | Stiles      |       2000 |       5000 |
|         139 | John        | Seo         |       2000 |       5000 |
|         140 | Joshua      | Patel       |       2000 |       5000 |
|         141 | Trenna      | Rajs        |       2000 |       5000 |
|         142 | Curtis      | Davies      |       2000 |       5000 |
|         143 | Randall     | Matos       |       2000 |       5000 |
|         144 | Peter       | Vargas      |       2000 |       5000 |
|         120 | Matthew     | Weiss       |       5500 |       8500 |
|         121 | Adam        | Fripp       |       5500 |       8500 |
|         122 | Payam       | Kaufling    |       5500 |       8500 |
|         123 | Shanta      | Vollman     |       5500 |       8500 |
|         124 | Kevin       | Mourgos     |       5500 |       8500 |
+-------------+-------------+-------------+------------+------------+
107 rows in set (0.0019 sec)
 MySQL  localhost:3306 ssl  comp2  SQL > desc employees;
+----------------+--------------+------+-----+---------+-------+
| Field          | Type         | Null | Key | Default | Extra |
+----------------+--------------+------+-----+---------+-------+
| EMPLOYEE_ID    | decimal(6,0) | NO   | PRI | 0       |       |
| FIRST_NAME     | varchar(20)  | YES  |     | NULL    |       |
| LAST_NAME      | varchar(25)  | NO   | MUL | NULL    |       |
| EMAIL          | varchar(25)  | NO   | UNI | NULL    |       |
| PHONE_NUMBER   | varchar(20)  | YES  |     | NULL    |       |
| HIRE_DATE      | date         | NO   |     | NULL    |       |
| JOB_ID         | varchar(10)  | NO   | MUL | NULL    |       |
| SALARY         | decimal(8,2) | YES  |     | NULL    |       |
| COMMISSION_PCT | decimal(2,2) | YES  |     | NULL    |       |
| MANAGER_ID     | decimal(6,0) | YES  | MUL | NULL    |       |
| DEPARTMENT_ID  | decimal(4,0) | YES  | MUL | NULL    |       |
+----------------+--------------+------+-----+---------+-------+
11 rows in set (0.0028 sec)
 MySQL  localhost:3306 ssl  comp2  SQL > desc jobs;
+------------+--------------+------+-----+---------+-------+
| Field      | Type         | Null | Key | Default | Extra |
+------------+--------------+------+-----+---------+-------+
| JOB_ID     | varchar(10)  | NO   | PRI |         |       |
| JOB_TITLE  | varchar(35)  | NO   |     | NULL    |       |
| MIN_SALARY | decimal(6,0) | YES  |     | NULL    |       |
| MAX_SALARY | decimal(6,0) | YES  |     | NULL    |       |
+------------+--------------+------+-----+---------+-------+
4 rows in set (0.0047 sec)
 MySQL  localhost:3306 ssl  comp2  SQL > desc departments;
+-----------------+--------------+------+-----+---------+-------+
| Field           | Type         | Null | Key | Default | Extra |
+-----------------+--------------+------+-----+---------+-------+
| DEPARTMENT_ID   | decimal(4,0) | NO   | PRI | 0       |       |
| DEPARTMENT_NAME | varchar(30)  | NO   |     | NULL    |       |
| MANAGER_ID      | decimal(6,0) | YES  | MUL | NULL    |       |
| LOCATION_ID     | decimal(4,0) | YES  | MUL | NULL    |       |
+-----------------+--------------+------+-----+---------+-------+
4 rows in set (0.0038 sec)
 MySQL  localhost:3306 ssl  comp2  SQL > select a.employee_id, a.first_name, a.last_name, b.department_name from employees a inner join departments b on a.department_id = b.department_id;
+-------------+-------------+-------------+------------------+
| employee_id | first_name  | last_name   | department_name  |
+-------------+-------------+-------------+------------------+
|         200 | Jennifer    | Whalen      | Administration   |
|         201 | Michael     | Hartstein   | Marketing        |
|         202 | Pat         | Fay         | Marketing        |
|         114 | Den         | Raphaely    | Purchasing       |
|         115 | Alexander   | Khoo        | Purchasing       |
|         116 | Shelli      | Baida       | Purchasing       |
|         117 | Sigal       | Tobias      | Purchasing       |
|         118 | Guy         | Himuro      | Purchasing       |
|         119 | Karen       | Colmenares  | Purchasing       |
|         203 | Susan       | Mavris      | Human Resources  |
|         120 | Matthew     | Weiss       | Shipping         |
|         121 | Adam        | Fripp       | Shipping         |
|         122 | Payam       | Kaufling    | Shipping         |
|         123 | Shanta      | Vollman     | Shipping         |
|         124 | Kevin       | Mourgos     | Shipping         |
|         125 | Julia       | Nayer       | Shipping         |
|         126 | Irene       | Mikkilineni | Shipping         |
|         127 | James       | Landry      | Shipping         |
|         128 | Steven      | Markle      | Shipping         |
|         129 | Laura       | Bissot      | Shipping         |
|         130 | Mozhe       | Atkinson    | Shipping         |
|         131 | James       | Marlow      | Shipping         |
|         132 | TJ          | Olson       | Shipping         |
|         133 | Jason       | Mallin      | Shipping         |
|         134 | Michael     | Rogers      | Shipping         |
|         135 | Ki          | Gee         | Shipping         |
|         136 | Hazel       | Philtanker  | Shipping         |
|         137 | Renske      | Ladwig      | Shipping         |
|         138 | Stephen     | Stiles      | Shipping         |
|         139 | John        | Seo         | Shipping         |
|         140 | Joshua      | Patel       | Shipping         |
|         141 | Trenna      | Rajs        | Shipping         |
|         142 | Curtis      | Davies      | Shipping         |
|         143 | Randall     | Matos       | Shipping         |
|         144 | Peter       | Vargas      | Shipping         |
|         180 | Winston     | Taylor      | Shipping         |
|         181 | Jean        | Fleaur      | Shipping         |
|         182 | Martha      | Sullivan    | Shipping         |
|         183 | Girard      | Geoni       | Shipping         |
|         184 | Nandita     | Sarchand    | Shipping         |
|         185 | Alexis      | Bull        | Shipping         |
|         186 | Julia       | Dellinger   | Shipping         |
|         187 | Anthony     | Cabrio      | Shipping         |
|         188 | Kelly       | Chung       | Shipping         |
|         189 | Jennifer    | Dilly       | Shipping         |
|         190 | Timothy     | Gates       | Shipping         |
|         191 | Randall     | Perkins     | Shipping         |
|         192 | Sarah       | Bell        | Shipping         |
|         193 | Britney     | Everett     | Shipping         |
|         194 | Samuel      | McCain      | Shipping         |
|         195 | Vance       | Jones       | Shipping         |
|         196 | Alana       | Walsh       | Shipping         |
|         197 | Kevin       | Feeney      | Shipping         |
|         198 | Donald      | OConnell    | Shipping         |
|         199 | Douglas     | Grant       | Shipping         |
|         103 | Alexander   | Hunold      | IT               |
|         104 | Bruce       | Ernst       | IT               |
|         105 | David       | Austin      | IT               |
|         106 | Valli       | Pataballa   | IT               |
|         107 | Diana       | Lorentz     | IT               |
|         204 | Hermann     | Baer        | Public Relations |
|         145 | John        | Russell     | Sales            |
|         146 | Karen       | Partners    | Sales            |
|         147 | Alberto     | Errazuriz   | Sales            |
|         148 | Gerald      | Cambrault   | Sales            |
|         149 | Eleni       | Zlotkey     | Sales            |
|         150 | Peter       | Tucker      | Sales            |
|         151 | David       | Bernstein   | Sales            |
|         152 | Peter       | Hall        | Sales            |
|         153 | Christopher | Olsen       | Sales            |
|         154 | Nanette     | Cambrault   | Sales            |
|         155 | Oliver      | Tuvault     | Sales            |
|         156 | Janette     | King        | Sales            |
|         157 | Patrick     | Sully       | Sales            |
|         158 | Allan       | McEwen      | Sales            |
|         159 | Lindsey     | Smith       | Sales            |
|         160 | Louise      | Doran       | Sales            |
|         161 | Sarath      | Sewall      | Sales            |
|         162 | Clara       | Vishney     | Sales            |
|         163 | Danielle    | Greene      | Sales            |
|         164 | Mattea      | Marvins     | Sales            |
|         165 | David       | Lee         | Sales            |
|         166 | Sundar      | Ande        | Sales            |
|         167 | Amit        | Banda       | Sales            |
|         168 | Lisa        | Ozer        | Sales            |
|         169 | Harrison    | Bloom       | Sales            |
|         170 | Tayler      | Fox         | Sales            |
|         171 | William     | Smith       | Sales            |
|         172 | Elizabeth   | Bates       | Sales            |
|         173 | Sundita     | Kumar       | Sales            |
|         174 | Ellen       | Abel        | Sales            |
|         175 | Alyssa      | Hutton      | Sales            |
|         176 | Jonathon    | Taylor      | Sales            |
|         177 | Jack        | Livingston  | Sales            |
|         179 | Charles     | Johnson     | Sales            |
|         100 | Steven      | King        | Executive        |
|         101 | Neena       | Kochhar     | Executive        |
|         102 | Lex         | De Haan     | Executive        |
|         108 | Nancy       | Greenberg   | Finance          |
|         109 | Daniel      | Faviet      | Finance          |
|         110 | John        | Chen        | Finance          |
|         111 | Ismael      | Sciarra     | Finance          |
|         112 | Jose Manuel | Urman       | Finance          |
|         113 | Luis        | Popp        | Finance          |
|         205 | Shelley     | Higgins     | Accounting       |
|         206 | William     | Gietz       | Accounting       |
+-------------+-------------+-------------+------------------+
106 rows in set (0.0528 sec)
 MySQL  localhost:3306 ssl  comp2  SQL > desc departments;
+-----------------+--------------+------+-----+---------+-------+
| Field           | Type         | Null | Key | Default | Extra |
+-----------------+--------------+------+-----+---------+-------+
| DEPARTMENT_ID   | decimal(4,0) | NO   | PRI | 0       |       |
| DEPARTMENT_NAME | varchar(30)  | NO   |     | NULL    |       |
| MANAGER_ID      | decimal(6,0) | YES  | MUL | NULL    |       |
| LOCATION_ID     | decimal(4,0) | YES  | MUL | NULL    |       |
+-----------------+--------------+------+-----+---------+-------+
4 rows in set (0.0037 sec)
 MySQL  localhost:3306 ssl  comp2  SQL > desc employees;
+----------------+--------------+------+-----+---------+-------+
| Field          | Type         | Null | Key | Default | Extra |
+----------------+--------------+------+-----+---------+-------+
| EMPLOYEE_ID    | decimal(6,0) | NO   | PRI | 0       |       |
| FIRST_NAME     | varchar(20)  | YES  |     | NULL    |       |
| LAST_NAME      | varchar(25)  | NO   | MUL | NULL    |       |
| EMAIL          | varchar(25)  | NO   | UNI | NULL    |       |
| PHONE_NUMBER   | varchar(20)  | YES  |     | NULL    |       |
| HIRE_DATE      | date         | NO   |     | NULL    |       |
| JOB_ID         | varchar(10)  | NO   | MUL | NULL    |       |
| SALARY         | decimal(8,2) | YES  |     | NULL    |       |
| COMMISSION_PCT | decimal(2,2) | YES  |     | NULL    |       |
| MANAGER_ID     | decimal(6,0) | YES  | MUL | NULL    |       |
| DEPARTMENT_ID  | decimal(4,0) | YES  | MUL | NULL    |       |
+----------------+--------------+------+-----+---------+-------+
11 rows in set (0.0035 sec)
 MySQL  localhost:3306 ssl  comp2  SQL > select a.department_id, b.first_name, last_name from departments a inner join employees b on a.manager_id = b.manager_id;
+---------------+-------------+------------+
| department_id | first_name  | last_name  |
+---------------+-------------+------------+
|           120 | Steven      | King       |
|           130 | Steven      | King       |
|           140 | Steven      | King       |
|           150 | Steven      | King       |
|           160 | Steven      | King       |
|           170 | Steven      | King       |
|           180 | Steven      | King       |
|           190 | Steven      | King       |
|           200 | Steven      | King       |
|           210 | Steven      | King       |
|           220 | Steven      | King       |
|           230 | Steven      | King       |
|           240 | Steven      | King       |
|           250 | Steven      | King       |
|           260 | Steven      | King       |
|           270 | Steven      | King       |
|            90 | Neena       | Kochhar    |
|            90 | Lex         | De Haan    |
|            90 | Den         | Raphaely   |
|            90 | Matthew     | Weiss      |
|            90 | Adam        | Fripp      |
|            90 | Payam       | Kaufling   |
|            90 | Shanta      | Vollman    |
|            90 | Kevin       | Mourgos    |
|            90 | John        | Russell    |
|            90 | Karen       | Partners   |
|            90 | Alberto     | Errazuriz  |
|            90 | Gerald      | Cambrault  |
|            90 | Eleni       | Zlotkey    |
|            90 | Michael     | Hartstein  |
|            60 | Bruce       | Ernst      |
|            60 | David       | Austin     |
|            60 | Valli       | Pataballa  |
|            60 | Diana       | Lorentz    |
|           100 | Daniel      | Faviet     |
|           100 | John        | Chen       |
|           100 | Ismael      | Sciarra    |
|           100 | Jose Manuel | Urman      |
|           100 | Luis        | Popp       |
|            30 | Alexander   | Khoo       |
|            30 | Shelli      | Baida      |
|            30 | Sigal       | Tobias     |
|            30 | Guy         | Himuro     |
|            30 | Karen       | Colmenares |
|            50 | Laura       | Bissot     |
|            50 | Mozhe       | Atkinson   |
|            50 | James       | Marlow     |
|            50 | TJ          | Olson      |
|            50 | Nandita     | Sarchand   |
|            50 | Alexis      | Bull       |
|            50 | Julia       | Dellinger  |
|            50 | Anthony     | Cabrio     |
|            80 | Peter       | Tucker     |
|            80 | David       | Bernstein  |
|            80 | Peter       | Hall       |
|            80 | Christopher | Olsen      |
|            80 | Nanette     | Cambrault  |
|            80 | Oliver      | Tuvault    |
|            20 | Pat         | Fay        |
|           110 | William     | Gietz      |
+---------------+-------------+------------+
60 rows in set (0.0236 sec)
 MySQL  localhost:3306 ssl  comp2  SQL > select a.department_name, b.first_name, last_name from departments a inner join employees b on a.manager_id = b.manager_id;
+----------------------+-------------+------------+
| department_name      | first_name  | last_name  |
+----------------------+-------------+------------+
| Marketing            | Pat         | Fay        |
| Purchasing           | Alexander   | Khoo       |
| Purchasing           | Shelli      | Baida      |
| Purchasing           | Sigal       | Tobias     |
| Purchasing           | Guy         | Himuro     |
| Purchasing           | Karen       | Colmenares |
| Shipping             | Laura       | Bissot     |
| Shipping             | Mozhe       | Atkinson   |
| Shipping             | James       | Marlow     |
| Shipping             | TJ          | Olson      |
| Shipping             | Nandita     | Sarchand   |
| Shipping             | Alexis      | Bull       |
| Shipping             | Julia       | Dellinger  |
| Shipping             | Anthony     | Cabrio     |
| IT                   | Bruce       | Ernst      |
| IT                   | David       | Austin     |
| IT                   | Valli       | Pataballa  |
| IT                   | Diana       | Lorentz    |
| Sales                | Peter       | Tucker     |
| Sales                | David       | Bernstein  |
| Sales                | Peter       | Hall       |
| Sales                | Christopher | Olsen      |
| Sales                | Nanette     | Cambrault  |
| Sales                | Oliver      | Tuvault    |
| Executive            | Neena       | Kochhar    |
| Executive            | Lex         | De Haan    |
| Executive            | Den         | Raphaely   |
| Executive            | Matthew     | Weiss      |
| Executive            | Adam        | Fripp      |
| Executive            | Payam       | Kaufling   |
| Executive            | Shanta      | Vollman    |
| Executive            | Kevin       | Mourgos    |
| Executive            | John        | Russell    |
| Executive            | Karen       | Partners   |
| Executive            | Alberto     | Errazuriz  |
| Executive            | Gerald      | Cambrault  |
| Executive            | Eleni       | Zlotkey    |
| Executive            | Michael     | Hartstein  |
| Finance              | Daniel      | Faviet     |
| Finance              | John        | Chen       |
| Finance              | Ismael      | Sciarra    |
| Finance              | Jose Manuel | Urman      |
| Finance              | Luis        | Popp       |
| Accounting           | William     | Gietz      |
| Treasury             | Steven      | King       |
| Corporate Tax        | Steven      | King       |
| Control And Credit   | Steven      | King       |
| Shareholder Services | Steven      | King       |
| Benefits             | Steven      | King       |
| Manufacturing        | Steven      | King       |
| Construction         | Steven      | King       |
| Contracting          | Steven      | King       |
| Operations           | Steven      | King       |
| IT Support           | Steven      | King       |
| NOC                  | Steven      | King       |
| IT Helpdesk          | Steven      | King       |
| Government Sales     | Steven      | King       |
| Retail Sales         | Steven      | King       |
| Recruiting           | Steven      | King       |
| Payroll              | Steven      | King       |
+----------------------+-------------+------------+
60 rows in set (0.0020 sec)
 MySQL  localhost:3306 ssl  comp2  SQL > desc departments;
+-----------------+--------------+------+-----+---------+-------+
| Field           | Type         | Null | Key | Default | Extra |
+-----------------+--------------+------+-----+---------+-------+
| DEPARTMENT_ID   | decimal(4,0) | NO   | PRI | 0       |       |
| DEPARTMENT_NAME | varchar(30)  | NO   |     | NULL    |       |
| MANAGER_ID      | decimal(6,0) | YES  | MUL | NULL    |       |
| LOCATION_ID     | decimal(4,0) | YES  | MUL | NULL    |       |
+-----------------+--------------+------+-----+---------+-------+
4 rows in set (0.0033 sec)
 MySQL  localhost:3306 ssl  comp2  SQL > desc locations;
+----------------+--------------+------+-----+---------+-------+
| Field          | Type         | Null | Key | Default | Extra |
+----------------+--------------+------+-----+---------+-------+
| LOCATION_ID    | decimal(4,0) | NO   | PRI | 0       |       |
| STREET_ADDRESS | varchar(40)  | YES  |     | NULL    |       |
| POSTAL_CODE    | varchar(12)  | YES  |     | NULL    |       |
| CITY           | varchar(30)  | NO   | MUL | NULL    |       |
| STATE_PROVINCE | varchar(25)  | YES  | MUL | NULL    |       |
| COUNTRY_ID     | varchar(2)   | YES  | MUL | NULL    |       |
+----------------+--------------+------+-----+---------+-------+
6 rows in set (0.0050 sec)
 MySQL  localhost:3306 ssl  comp2  SQL > select a.department_name, b.street_address, b.city, b.state_province from departments a inner join locations b on a.location_id = b.location_id;
+----------------------+-----------------------+---------------------+----------------+
| department_name      | street_address        | city                | state_province |
+----------------------+-----------------------+---------------------+----------------+
| IT                   | 2014 Jabberwocky Rd   | Southlake           | Texas          |
| Shipping             | 2011 Interiors Blvd   | South San Francisco | California     |
| Administration       | 2004 Charade Rd       | Seattle             | Washington     |
| Purchasing           | 2004 Charade Rd       | Seattle             | Washington     |
| Executive            | 2004 Charade Rd       | Seattle             | Washington     |
| Finance              | 2004 Charade Rd       | Seattle             | Washington     |
| Accounting           | 2004 Charade Rd       | Seattle             | Washington     |
| Treasury             | 2004 Charade Rd       | Seattle             | Washington     |
| Corporate Tax        | 2004 Charade Rd       | Seattle             | Washington     |
| Control And Credit   | 2004 Charade Rd       | Seattle             | Washington     |
| Shareholder Services | 2004 Charade Rd       | Seattle             | Washington     |
| Benefits             | 2004 Charade Rd       | Seattle             | Washington     |
| Manufacturing        | 2004 Charade Rd       | Seattle             | Washington     |
| Construction         | 2004 Charade Rd       | Seattle             | Washington     |
| Contracting          | 2004 Charade Rd       | Seattle             | Washington     |
| Operations           | 2004 Charade Rd       | Seattle             | Washington     |
| IT Support           | 2004 Charade Rd       | Seattle             | Washington     |
| NOC                  | 2004 Charade Rd       | Seattle             | Washington     |
| IT Helpdesk          | 2004 Charade Rd       | Seattle             | Washington     |
| Government Sales     | 2004 Charade Rd       | Seattle             | Washington     |
| Retail Sales         | 2004 Charade Rd       | Seattle             | Washington     |
| Recruiting           | 2004 Charade Rd       | Seattle             | Washington     |
| Payroll              | 2004 Charade Rd       | Seattle             | Washington     |
| Marketing            | 147 Spadina Ave       | Toronto             | Ontario        |
| Human Resources      | 8204 Arthur St        | London              |                |
| Sales                | "Magdalen Centre      | OX9 9ZB             | Oxford         |
| Public Relations     | Schwanthalerstr. 7031 | Munich              | Bavaria        |
+----------------------+-----------------------+---------------------+----------------+
27 rows in set (0.0405 sec)
 MySQL  localhost:3306 ssl  comp2  SQL > desc employees;
+----------------+--------------+------+-----+---------+-------+
| Field          | Type         | Null | Key | Default | Extra |
+----------------+--------------+------+-----+---------+-------+
| EMPLOYEE_ID    | decimal(6,0) | NO   | PRI | 0       |       |
| FIRST_NAME     | varchar(20)  | YES  |     | NULL    |       |
| LAST_NAME      | varchar(25)  | NO   | MUL | NULL    |       |
| EMAIL          | varchar(25)  | NO   | UNI | NULL    |       |
| PHONE_NUMBER   | varchar(20)  | YES  |     | NULL    |       |
| HIRE_DATE      | date         | NO   |     | NULL    |       |
| JOB_ID         | varchar(10)  | NO   | MUL | NULL    |       |
| SALARY         | decimal(8,2) | YES  |     | NULL    |       |
| COMMISSION_PCT | decimal(2,2) | YES  |     | NULL    |       |
| MANAGER_ID     | decimal(6,0) | YES  | MUL | NULL    |       |
| DEPARTMENT_ID  | decimal(4,0) | YES  | MUL | NULL    |       |
+----------------+--------------+------+-----+---------+-------+
11 rows in set (0.0037 sec)
 MySQL  localhost:3306 ssl  comp2  SQL > desc demartments;
ERROR: 1146 (42S02): Table 'comp2.demartments' doesn't exist
 MySQL  localhost:3306 ssl  comp2  SQL > desc departments;
+-----------------+--------------+------+-----+---------+-------+
| Field           | Type         | Null | Key | Default | Extra |
+-----------------+--------------+------+-----+---------+-------+
| DEPARTMENT_ID   | decimal(4,0) | NO   | PRI | 0       |       |
| DEPARTMENT_NAME | varchar(30)  | NO   |     | NULL    |       |
| MANAGER_ID      | decimal(6,0) | YES  | MUL | NULL    |       |
| LOCATION_ID     | decimal(4,0) | YES  | MUL | NULL    |       |
+-----------------+--------------+------+-----+---------+-------+
4 rows in set (0.0041 sec)
 MySQL  localhost:3306 ssl  comp2  SQL > select a.employee_id, a.first_name, a.last_name, c.first_name, c.last_name from employee a inner join departments b on a.department_id = b.department_id inner join employees c on b.manager_id = c.manager_id;
ERROR: 1146 (42S02): Table 'comp2.employee' doesn't exist
 MySQL  localhost:3306 ssl  comp2  SQL > select a.employee_id, a.first_name, a.last_name, c.first_name, c.last_name from employees a inner join departments b on a.department_id = b.department_id inner join employees c on b.manager_id = c.manager_id;
+-------------+-------------+-------------+-------------+------------+
| employee_id | first_name  | last_name   | first_name  | last_name  |
+-------------+-------------+-------------+-------------+------------+
|         100 | Steven      | King        | Neena       | Kochhar    |
|         100 | Steven      | King        | Lex         | De Haan    |
|         100 | Steven      | King        | Den         | Raphaely   |
|         100 | Steven      | King        | Matthew     | Weiss      |
|         100 | Steven      | King        | Adam        | Fripp      |
|         100 | Steven      | King        | Payam       | Kaufling   |
|         100 | Steven      | King        | Shanta      | Vollman    |
|         100 | Steven      | King        | Kevin       | Mourgos    |
|         100 | Steven      | King        | John        | Russell    |
|         100 | Steven      | King        | Karen       | Partners   |
|         100 | Steven      | King        | Alberto     | Errazuriz  |
|         100 | Steven      | King        | Gerald      | Cambrault  |
|         100 | Steven      | King        | Eleni       | Zlotkey    |
|         100 | Steven      | King        | Michael     | Hartstein  |
|         101 | Neena       | Kochhar     | Neena       | Kochhar    |
|         101 | Neena       | Kochhar     | Lex         | De Haan    |
|         101 | Neena       | Kochhar     | Den         | Raphaely   |
|         101 | Neena       | Kochhar     | Matthew     | Weiss      |
|         101 | Neena       | Kochhar     | Adam        | Fripp      |
|         101 | Neena       | Kochhar     | Payam       | Kaufling   |
|         101 | Neena       | Kochhar     | Shanta      | Vollman    |
|         101 | Neena       | Kochhar     | Kevin       | Mourgos    |
|         101 | Neena       | Kochhar     | John        | Russell    |
|         101 | Neena       | Kochhar     | Karen       | Partners   |
|         101 | Neena       | Kochhar     | Alberto     | Errazuriz  |
|         101 | Neena       | Kochhar     | Gerald      | Cambrault  |
|         101 | Neena       | Kochhar     | Eleni       | Zlotkey    |
|         101 | Neena       | Kochhar     | Michael     | Hartstein  |
|         102 | Lex         | De Haan     | Neena       | Kochhar    |
|         102 | Lex         | De Haan     | Lex         | De Haan    |
|         102 | Lex         | De Haan     | Den         | Raphaely   |
|         102 | Lex         | De Haan     | Matthew     | Weiss      |
|         102 | Lex         | De Haan     | Adam        | Fripp      |
|         102 | Lex         | De Haan     | Payam       | Kaufling   |
|         102 | Lex         | De Haan     | Shanta      | Vollman    |
|         102 | Lex         | De Haan     | Kevin       | Mourgos    |
|         102 | Lex         | De Haan     | John        | Russell    |
|         102 | Lex         | De Haan     | Karen       | Partners   |
|         102 | Lex         | De Haan     | Alberto     | Errazuriz  |
|         102 | Lex         | De Haan     | Gerald      | Cambrault  |
|         102 | Lex         | De Haan     | Eleni       | Zlotkey    |
|         102 | Lex         | De Haan     | Michael     | Hartstein  |
|         103 | Alexander   | Hunold      | Bruce       | Ernst      |
|         103 | Alexander   | Hunold      | David       | Austin     |
|         103 | Alexander   | Hunold      | Valli       | Pataballa  |
|         103 | Alexander   | Hunold      | Diana       | Lorentz    |
|         104 | Bruce       | Ernst       | Bruce       | Ernst      |
|         104 | Bruce       | Ernst       | David       | Austin     |
|         104 | Bruce       | Ernst       | Valli       | Pataballa  |
|         104 | Bruce       | Ernst       | Diana       | Lorentz    |
|         105 | David       | Austin      | Bruce       | Ernst      |
|         105 | David       | Austin      | David       | Austin     |
|         105 | David       | Austin      | Valli       | Pataballa  |
|         105 | David       | Austin      | Diana       | Lorentz    |
|         106 | Valli       | Pataballa   | Bruce       | Ernst      |
|         106 | Valli       | Pataballa   | David       | Austin     |
|         106 | Valli       | Pataballa   | Valli       | Pataballa  |
|         106 | Valli       | Pataballa   | Diana       | Lorentz    |
|         107 | Diana       | Lorentz     | Bruce       | Ernst      |
|         107 | Diana       | Lorentz     | David       | Austin     |
|         107 | Diana       | Lorentz     | Valli       | Pataballa  |
|         107 | Diana       | Lorentz     | Diana       | Lorentz    |
|         108 | Nancy       | Greenberg   | Daniel      | Faviet     |
|         108 | Nancy       | Greenberg   | John        | Chen       |
|         108 | Nancy       | Greenberg   | Ismael      | Sciarra    |
|         108 | Nancy       | Greenberg   | Jose Manuel | Urman      |
|         108 | Nancy       | Greenberg   | Luis        | Popp       |
|         109 | Daniel      | Faviet      | Daniel      | Faviet     |
|         109 | Daniel      | Faviet      | John        | Chen       |
|         109 | Daniel      | Faviet      | Ismael      | Sciarra    |
|         109 | Daniel      | Faviet      | Jose Manuel | Urman      |
|         109 | Daniel      | Faviet      | Luis        | Popp       |
|         110 | John        | Chen        | Daniel      | Faviet     |
|         110 | John        | Chen        | John        | Chen       |
|         110 | John        | Chen        | Ismael      | Sciarra    |
|         110 | John        | Chen        | Jose Manuel | Urman      |
|         110 | John        | Chen        | Luis        | Popp       |
|         111 | Ismael      | Sciarra     | Daniel      | Faviet     |
|         111 | Ismael      | Sciarra     | John        | Chen       |
|         111 | Ismael      | Sciarra     | Ismael      | Sciarra    |
|         111 | Ismael      | Sciarra     | Jose Manuel | Urman      |
|         111 | Ismael      | Sciarra     | Luis        | Popp       |
|         112 | Jose Manuel | Urman       | Daniel      | Faviet     |
|         112 | Jose Manuel | Urman       | John        | Chen       |
|         112 | Jose Manuel | Urman       | Ismael      | Sciarra    |
|         112 | Jose Manuel | Urman       | Jose Manuel | Urman      |
|         112 | Jose Manuel | Urman       | Luis        | Popp       |
|         113 | Luis        | Popp        | Daniel      | Faviet     |
|         113 | Luis        | Popp        | John        | Chen       |
|         113 | Luis        | Popp        | Ismael      | Sciarra    |
|         113 | Luis        | Popp        | Jose Manuel | Urman      |
|         113 | Luis        | Popp        | Luis        | Popp       |
|         114 | Den         | Raphaely    | Alexander   | Khoo       |
|         114 | Den         | Raphaely    | Shelli      | Baida      |
|         114 | Den         | Raphaely    | Sigal       | Tobias     |
|         114 | Den         | Raphaely    | Guy         | Himuro     |
|         114 | Den         | Raphaely    | Karen       | Colmenares |
|         115 | Alexander   | Khoo        | Alexander   | Khoo       |
|         115 | Alexander   | Khoo        | Shelli      | Baida      |
|         115 | Alexander   | Khoo        | Sigal       | Tobias     |
|         115 | Alexander   | Khoo        | Guy         | Himuro     |
|         115 | Alexander   | Khoo        | Karen       | Colmenares |
|         116 | Shelli      | Baida       | Alexander   | Khoo       |
|         116 | Shelli      | Baida       | Shelli      | Baida      |
|         116 | Shelli      | Baida       | Sigal       | Tobias     |
|         116 | Shelli      | Baida       | Guy         | Himuro     |
|         116 | Shelli      | Baida       | Karen       | Colmenares |
|         117 | Sigal       | Tobias      | Alexander   | Khoo       |
|         117 | Sigal       | Tobias      | Shelli      | Baida      |
|         117 | Sigal       | Tobias      | Sigal       | Tobias     |
|         117 | Sigal       | Tobias      | Guy         | Himuro     |
|         117 | Sigal       | Tobias      | Karen       | Colmenares |
|         118 | Guy         | Himuro      | Alexander   | Khoo       |
|         118 | Guy         | Himuro      | Shelli      | Baida      |
|         118 | Guy         | Himuro      | Sigal       | Tobias     |
|         118 | Guy         | Himuro      | Guy         | Himuro     |
|         118 | Guy         | Himuro      | Karen       | Colmenares |
|         119 | Karen       | Colmenares  | Alexander   | Khoo       |
|         119 | Karen       | Colmenares  | Shelli      | Baida      |
|         119 | Karen       | Colmenares  | Sigal       | Tobias     |
|         119 | Karen       | Colmenares  | Guy         | Himuro     |
|         119 | Karen       | Colmenares  | Karen       | Colmenares |
|         120 | Matthew     | Weiss       | Laura       | Bissot     |
|         120 | Matthew     | Weiss       | Mozhe       | Atkinson   |
|         120 | Matthew     | Weiss       | James       | Marlow     |
|         120 | Matthew     | Weiss       | TJ          | Olson      |
|         120 | Matthew     | Weiss       | Nandita     | Sarchand   |
|         120 | Matthew     | Weiss       | Alexis      | Bull       |
|         120 | Matthew     | Weiss       | Julia       | Dellinger  |
|         120 | Matthew     | Weiss       | Anthony     | Cabrio     |
|         121 | Adam        | Fripp       | Laura       | Bissot     |
|         121 | Adam        | Fripp       | Mozhe       | Atkinson   |
|         121 | Adam        | Fripp       | James       | Marlow     |
|         121 | Adam        | Fripp       | TJ          | Olson      |
|         121 | Adam        | Fripp       | Nandita     | Sarchand   |
|         121 | Adam        | Fripp       | Alexis      | Bull       |
|         121 | Adam        | Fripp       | Julia       | Dellinger  |
|         121 | Adam        | Fripp       | Anthony     | Cabrio     |
|         122 | Payam       | Kaufling    | Laura       | Bissot     |
|         122 | Payam       | Kaufling    | Mozhe       | Atkinson   |
|         122 | Payam       | Kaufling    | James       | Marlow     |
|         122 | Payam       | Kaufling    | TJ          | Olson      |
|         122 | Payam       | Kaufling    | Nandita     | Sarchand   |
|         122 | Payam       | Kaufling    | Alexis      | Bull       |
|         122 | Payam       | Kaufling    | Julia       | Dellinger  |
|         122 | Payam       | Kaufling    | Anthony     | Cabrio     |
|         123 | Shanta      | Vollman     | Laura       | Bissot     |
|         123 | Shanta      | Vollman     | Mozhe       | Atkinson   |
|         123 | Shanta      | Vollman     | James       | Marlow     |
|         123 | Shanta      | Vollman     | TJ          | Olson      |
|         123 | Shanta      | Vollman     | Nandita     | Sarchand   |
|         123 | Shanta      | Vollman     | Alexis      | Bull       |
|         123 | Shanta      | Vollman     | Julia       | Dellinger  |
|         123 | Shanta      | Vollman     | Anthony     | Cabrio     |
|         124 | Kevin       | Mourgos     | Laura       | Bissot     |
|         124 | Kevin       | Mourgos     | Mozhe       | Atkinson   |
|         124 | Kevin       | Mourgos     | James       | Marlow     |
|         124 | Kevin       | Mourgos     | TJ          | Olson      |
|         124 | Kevin       | Mourgos     | Nandita     | Sarchand   |
|         124 | Kevin       | Mourgos     | Alexis      | Bull       |
|         124 | Kevin       | Mourgos     | Julia       | Dellinger  |
|         124 | Kevin       | Mourgos     | Anthony     | Cabrio     |
|         125 | Julia       | Nayer       | Laura       | Bissot     |
|         125 | Julia       | Nayer       | Mozhe       | Atkinson   |
|         125 | Julia       | Nayer       | James       | Marlow     |
|         125 | Julia       | Nayer       | TJ          | Olson      |
|         125 | Julia       | Nayer       | Nandita     | Sarchand   |
|         125 | Julia       | Nayer       | Alexis      | Bull       |
|         125 | Julia       | Nayer       | Julia       | Dellinger  |
|         125 | Julia       | Nayer       | Anthony     | Cabrio     |
|         126 | Irene       | Mikkilineni | Laura       | Bissot     |
|         126 | Irene       | Mikkilineni | Mozhe       | Atkinson   |
|         126 | Irene       | Mikkilineni | James       | Marlow     |
|         126 | Irene       | Mikkilineni | TJ          | Olson      |
|         126 | Irene       | Mikkilineni | Nandita     | Sarchand   |
|         126 | Irene       | Mikkilineni | Alexis      | Bull       |
|         126 | Irene       | Mikkilineni | Julia       | Dellinger  |
|         126 | Irene       | Mikkilineni | Anthony     | Cabrio     |
|         127 | James       | Landry      | Laura       | Bissot     |
|         127 | James       | Landry      | Mozhe       | Atkinson   |
|         127 | James       | Landry      | James       | Marlow     |
|         127 | James       | Landry      | TJ          | Olson      |
|         127 | James       | Landry      | Nandita     | Sarchand   |
|         127 | James       | Landry      | Alexis      | Bull       |
|         127 | James       | Landry      | Julia       | Dellinger  |
|         127 | James       | Landry      | Anthony     | Cabrio     |
|         128 | Steven      | Markle      | Laura       | Bissot     |
|         128 | Steven      | Markle      | Mozhe       | Atkinson   |
|         128 | Steven      | Markle      | James       | Marlow     |
|         128 | Steven      | Markle      | TJ          | Olson      |
|         128 | Steven      | Markle      | Nandita     | Sarchand   |
|         128 | Steven      | Markle      | Alexis      | Bull       |
|         128 | Steven      | Markle      | Julia       | Dellinger  |
|         128 | Steven      | Markle      | Anthony     | Cabrio     |
|         129 | Laura       | Bissot      | Laura       | Bissot     |
|         129 | Laura       | Bissot      | Mozhe       | Atkinson   |
|         129 | Laura       | Bissot      | James       | Marlow     |
|         129 | Laura       | Bissot      | TJ          | Olson      |
|         129 | Laura       | Bissot      | Nandita     | Sarchand   |
|         129 | Laura       | Bissot      | Alexis      | Bull       |
|         129 | Laura       | Bissot      | Julia       | Dellinger  |
|         129 | Laura       | Bissot      | Anthony     | Cabrio     |
|         130 | Mozhe       | Atkinson    | Laura       | Bissot     |
|         130 | Mozhe       | Atkinson    | Mozhe       | Atkinson   |
|         130 | Mozhe       | Atkinson    | James       | Marlow     |
|         130 | Mozhe       | Atkinson    | TJ          | Olson      |
|         130 | Mozhe       | Atkinson    | Nandita     | Sarchand   |
|         130 | Mozhe       | Atkinson    | Alexis      | Bull       |
|         130 | Mozhe       | Atkinson    | Julia       | Dellinger  |
|         130 | Mozhe       | Atkinson    | Anthony     | Cabrio     |
|         131 | James       | Marlow      | Laura       | Bissot     |
|         131 | James       | Marlow      | Mozhe       | Atkinson   |
|         131 | James       | Marlow      | James       | Marlow     |
|         131 | James       | Marlow      | TJ          | Olson      |
|         131 | James       | Marlow      | Nandita     | Sarchand   |
|         131 | James       | Marlow      | Alexis      | Bull       |
|         131 | James       | Marlow      | Julia       | Dellinger  |
|         131 | James       | Marlow      | Anthony     | Cabrio     |
|         132 | TJ          | Olson       | Laura       | Bissot     |
|         132 | TJ          | Olson       | Mozhe       | Atkinson   |
|         132 | TJ          | Olson       | James       | Marlow     |
|         132 | TJ          | Olson       | TJ          | Olson      |
|         132 | TJ          | Olson       | Nandita     | Sarchand   |
|         132 | TJ          | Olson       | Alexis      | Bull       |
|         132 | TJ          | Olson       | Julia       | Dellinger  |
|         132 | TJ          | Olson       | Anthony     | Cabrio     |
|         133 | Jason       | Mallin      | Laura       | Bissot     |
|         133 | Jason       | Mallin      | Mozhe       | Atkinson   |
|         133 | Jason       | Mallin      | James       | Marlow     |
|         133 | Jason       | Mallin      | TJ          | Olson      |
|         133 | Jason       | Mallin      | Nandita     | Sarchand   |
|         133 | Jason       | Mallin      | Alexis      | Bull       |
|         133 | Jason       | Mallin      | Julia       | Dellinger  |
|         133 | Jason       | Mallin      | Anthony     | Cabrio     |
|         134 | Michael     | Rogers      | Laura       | Bissot     |
|         134 | Michael     | Rogers      | Mozhe       | Atkinson   |
|         134 | Michael     | Rogers      | James       | Marlow     |
|         134 | Michael     | Rogers      | TJ          | Olson      |
|         134 | Michael     | Rogers      | Nandita     | Sarchand   |
|         134 | Michael     | Rogers      | Alexis      | Bull       |
|         134 | Michael     | Rogers      | Julia       | Dellinger  |
|         134 | Michael     | Rogers      | Anthony     | Cabrio     |
|         135 | Ki          | Gee         | Laura       | Bissot     |
|         135 | Ki          | Gee         | Mozhe       | Atkinson   |
|         135 | Ki          | Gee         | James       | Marlow     |
|         135 | Ki          | Gee         | TJ          | Olson      |
|         135 | Ki          | Gee         | Nandita     | Sarchand   |
|         135 | Ki          | Gee         | Alexis      | Bull       |
|         135 | Ki          | Gee         | Julia       | Dellinger  |
|         135 | Ki          | Gee         | Anthony     | Cabrio     |
|         136 | Hazel       | Philtanker  | Laura       | Bissot     |
|         136 | Hazel       | Philtanker  | Mozhe       | Atkinson   |
|         136 | Hazel       | Philtanker  | James       | Marlow     |
|         136 | Hazel       | Philtanker  | TJ          | Olson      |
|         136 | Hazel       | Philtanker  | Nandita     | Sarchand   |
|         136 | Hazel       | Philtanker  | Alexis      | Bull       |
|         136 | Hazel       | Philtanker  | Julia       | Dellinger  |
|         136 | Hazel       | Philtanker  | Anthony     | Cabrio     |
|         137 | Renske      | Ladwig      | Laura       | Bissot     |
|         137 | Renske      | Ladwig      | Mozhe       | Atkinson   |
|         137 | Renske      | Ladwig      | James       | Marlow     |
|         137 | Renske      | Ladwig      | TJ          | Olson      |
|         137 | Renske      | Ladwig      | Nandita     | Sarchand   |
|         137 | Renske      | Ladwig      | Alexis      | Bull       |
|         137 | Renske      | Ladwig      | Julia       | Dellinger  |
|         137 | Renske      | Ladwig      | Anthony     | Cabrio     |
|         138 | Stephen     | Stiles      | Laura       | Bissot     |
|         138 | Stephen     | Stiles      | Mozhe       | Atkinson   |
|         138 | Stephen     | Stiles      | James       | Marlow     |
|         138 | Stephen     | Stiles      | TJ          | Olson      |
|         138 | Stephen     | Stiles      | Nandita     | Sarchand   |
|         138 | Stephen     | Stiles      | Alexis      | Bull       |
|         138 | Stephen     | Stiles      | Julia       | Dellinger  |
|         138 | Stephen     | Stiles      | Anthony     | Cabrio     |
|         139 | John        | Seo         | Laura       | Bissot     |
|         139 | John        | Seo         | Mozhe       | Atkinson   |
|         139 | John        | Seo         | James       | Marlow     |
|         139 | John        | Seo         | TJ          | Olson      |
|         139 | John        | Seo         | Nandita     | Sarchand   |
|         139 | John        | Seo         | Alexis      | Bull       |
|         139 | John        | Seo         | Julia       | Dellinger  |
|         139 | John        | Seo         | Anthony     | Cabrio     |
|         140 | Joshua      | Patel       | Laura       | Bissot     |
|         140 | Joshua      | Patel       | Mozhe       | Atkinson   |
|         140 | Joshua      | Patel       | James       | Marlow     |
|         140 | Joshua      | Patel       | TJ          | Olson      |
|         140 | Joshua      | Patel       | Nandita     | Sarchand   |
|         140 | Joshua      | Patel       | Alexis      | Bull       |
|         140 | Joshua      | Patel       | Julia       | Dellinger  |
|         140 | Joshua      | Patel       | Anthony     | Cabrio     |
|         141 | Trenna      | Rajs        | Laura       | Bissot     |
|         141 | Trenna      | Rajs        | Mozhe       | Atkinson   |
|         141 | Trenna      | Rajs        | James       | Marlow     |
|         141 | Trenna      | Rajs        | TJ          | Olson      |
|         141 | Trenna      | Rajs        | Nandita     | Sarchand   |
|         141 | Trenna      | Rajs        | Alexis      | Bull       |
|         141 | Trenna      | Rajs        | Julia       | Dellinger  |
|         141 | Trenna      | Rajs        | Anthony     | Cabrio     |
|         142 | Curtis      | Davies      | Laura       | Bissot     |
|         142 | Curtis      | Davies      | Mozhe       | Atkinson   |
|         142 | Curtis      | Davies      | James       | Marlow     |
|         142 | Curtis      | Davies      | TJ          | Olson      |
|         142 | Curtis      | Davies      | Nandita     | Sarchand   |
|         142 | Curtis      | Davies      | Alexis      | Bull       |
|         142 | Curtis      | Davies      | Julia       | Dellinger  |
|         142 | Curtis      | Davies      | Anthony     | Cabrio     |
|         143 | Randall     | Matos       | Laura       | Bissot     |
|         143 | Randall     | Matos       | Mozhe       | Atkinson   |
|         143 | Randall     | Matos       | James       | Marlow     |
|         143 | Randall     | Matos       | TJ          | Olson      |
|         143 | Randall     | Matos       | Nandita     | Sarchand   |
|         143 | Randall     | Matos       | Alexis      | Bull       |
|         143 | Randall     | Matos       | Julia       | Dellinger  |
|         143 | Randall     | Matos       | Anthony     | Cabrio     |
|         144 | Peter       | Vargas      | Laura       | Bissot     |
|         144 | Peter       | Vargas      | Mozhe       | Atkinson   |
|         144 | Peter       | Vargas      | James       | Marlow     |
|         144 | Peter       | Vargas      | TJ          | Olson      |
|         144 | Peter       | Vargas      | Nandita     | Sarchand   |
|         144 | Peter       | Vargas      | Alexis      | Bull       |
|         144 | Peter       | Vargas      | Julia       | Dellinger  |
|         144 | Peter       | Vargas      | Anthony     | Cabrio     |
|         145 | John        | Russell     | Peter       | Tucker     |
|         145 | John        | Russell     | David       | Bernstein  |
|         145 | John        | Russell     | Peter       | Hall       |
|         145 | John        | Russell     | Christopher | Olsen      |
|         145 | John        | Russell     | Nanette     | Cambrault  |
|         145 | John        | Russell     | Oliver      | Tuvault    |
|         146 | Karen       | Partners    | Peter       | Tucker     |
|         146 | Karen       | Partners    | David       | Bernstein  |
|         146 | Karen       | Partners    | Peter       | Hall       |
|         146 | Karen       | Partners    | Christopher | Olsen      |
|         146 | Karen       | Partners    | Nanette     | Cambrault  |
|         146 | Karen       | Partners    | Oliver      | Tuvault    |
|         147 | Alberto     | Errazuriz   | Peter       | Tucker     |
|         147 | Alberto     | Errazuriz   | David       | Bernstein  |
|         147 | Alberto     | Errazuriz   | Peter       | Hall       |
|         147 | Alberto     | Errazuriz   | Christopher | Olsen      |
|         147 | Alberto     | Errazuriz   | Nanette     | Cambrault  |
|         147 | Alberto     | Errazuriz   | Oliver      | Tuvault    |
|         148 | Gerald      | Cambrault   | Peter       | Tucker     |
|         148 | Gerald      | Cambrault   | David       | Bernstein  |
|         148 | Gerald      | Cambrault   | Peter       | Hall       |
|         148 | Gerald      | Cambrault   | Christopher | Olsen      |
|         148 | Gerald      | Cambrault   | Nanette     | Cambrault  |
|         148 | Gerald      | Cambrault   | Oliver      | Tuvault    |
|         149 | Eleni       | Zlotkey     | Peter       | Tucker     |
|         149 | Eleni       | Zlotkey     | David       | Bernstein  |
|         149 | Eleni       | Zlotkey     | Peter       | Hall       |
|         149 | Eleni       | Zlotkey     | Christopher | Olsen      |
|         149 | Eleni       | Zlotkey     | Nanette     | Cambrault  |
|         149 | Eleni       | Zlotkey     | Oliver      | Tuvault    |
|         150 | Peter       | Tucker      | Peter       | Tucker     |
|         150 | Peter       | Tucker      | David       | Bernstein  |
|         150 | Peter       | Tucker      | Peter       | Hall       |
|         150 | Peter       | Tucker      | Christopher | Olsen      |
|         150 | Peter       | Tucker      | Nanette     | Cambrault  |
|         150 | Peter       | Tucker      | Oliver      | Tuvault    |
|         151 | David       | Bernstein   | Peter       | Tucker     |
|         151 | David       | Bernstein   | David       | Bernstein  |
|         151 | David       | Bernstein   | Peter       | Hall       |
|         151 | David       | Bernstein   | Christopher | Olsen      |
|         151 | David       | Bernstein   | Nanette     | Cambrault  |
|         151 | David       | Bernstein   | Oliver      | Tuvault    |
|         152 | Peter       | Hall        | Peter       | Tucker     |
|         152 | Peter       | Hall        | David       | Bernstein  |
|         152 | Peter       | Hall        | Peter       | Hall       |
|         152 | Peter       | Hall        | Christopher | Olsen      |
|         152 | Peter       | Hall        | Nanette     | Cambrault  |
|         152 | Peter       | Hall        | Oliver      | Tuvault    |
|         153 | Christopher | Olsen       | Peter       | Tucker     |
|         153 | Christopher | Olsen       | David       | Bernstein  |
|         153 | Christopher | Olsen       | Peter       | Hall       |
|         153 | Christopher | Olsen       | Christopher | Olsen      |
|         153 | Christopher | Olsen       | Nanette     | Cambrault  |
|         153 | Christopher | Olsen       | Oliver      | Tuvault    |
|         154 | Nanette     | Cambrault   | Peter       | Tucker     |
|         154 | Nanette     | Cambrault   | David       | Bernstein  |
|         154 | Nanette     | Cambrault   | Peter       | Hall       |
|         154 | Nanette     | Cambrault   | Christopher | Olsen      |
|         154 | Nanette     | Cambrault   | Nanette     | Cambrault  |
|         154 | Nanette     | Cambrault   | Oliver      | Tuvault    |
|         155 | Oliver      | Tuvault     | Peter       | Tucker     |
|         155 | Oliver      | Tuvault     | David       | Bernstein  |
|         155 | Oliver      | Tuvault     | Peter       | Hall       |
|         155 | Oliver      | Tuvault     | Christopher | Olsen      |
|         155 | Oliver      | Tuvault     | Nanette     | Cambrault  |
|         155 | Oliver      | Tuvault     | Oliver      | Tuvault    |
|         156 | Janette     | King        | Peter       | Tucker     |
|         156 | Janette     | King        | David       | Bernstein  |
|         156 | Janette     | King        | Peter       | Hall       |
|         156 | Janette     | King        | Christopher | Olsen      |
|         156 | Janette     | King        | Nanette     | Cambrault  |
|         156 | Janette     | King        | Oliver      | Tuvault    |
|         157 | Patrick     | Sully       | Peter       | Tucker     |
|         157 | Patrick     | Sully       | David       | Bernstein  |
|         157 | Patrick     | Sully       | Peter       | Hall       |
|         157 | Patrick     | Sully       | Christopher | Olsen      |
|         157 | Patrick     | Sully       | Nanette     | Cambrault  |
|         157 | Patrick     | Sully       | Oliver      | Tuvault    |
|         158 | Allan       | McEwen      | Peter       | Tucker     |
|         158 | Allan       | McEwen      | David       | Bernstein  |
|         158 | Allan       | McEwen      | Peter       | Hall       |
|         158 | Allan       | McEwen      | Christopher | Olsen      |
|         158 | Allan       | McEwen      | Nanette     | Cambrault  |
|         158 | Allan       | McEwen      | Oliver      | Tuvault    |
|         159 | Lindsey     | Smith       | Peter       | Tucker     |
|         159 | Lindsey     | Smith       | David       | Bernstein  |
|         159 | Lindsey     | Smith       | Peter       | Hall       |
|         159 | Lindsey     | Smith       | Christopher | Olsen      |
|         159 | Lindsey     | Smith       | Nanette     | Cambrault  |
|         159 | Lindsey     | Smith       | Oliver      | Tuvault    |
|         160 | Louise      | Doran       | Peter       | Tucker     |
|         160 | Louise      | Doran       | David       | Bernstein  |
|         160 | Louise      | Doran       | Peter       | Hall       |
|         160 | Louise      | Doran       | Christopher | Olsen      |
|         160 | Louise      | Doran       | Nanette     | Cambrault  |
|         160 | Louise      | Doran       | Oliver      | Tuvault    |
|         161 | Sarath      | Sewall      | Peter       | Tucker     |
|         161 | Sarath      | Sewall      | David       | Bernstein  |
|         161 | Sarath      | Sewall      | Peter       | Hall       |
|         161 | Sarath      | Sewall      | Christopher | Olsen      |
|         161 | Sarath      | Sewall      | Nanette     | Cambrault  |
|         161 | Sarath      | Sewall      | Oliver      | Tuvault    |
|         162 | Clara       | Vishney     | Peter       | Tucker     |
|         162 | Clara       | Vishney     | David       | Bernstein  |
|         162 | Clara       | Vishney     | Peter       | Hall       |
|         162 | Clara       | Vishney     | Christopher | Olsen      |
|         162 | Clara       | Vishney     | Nanette     | Cambrault  |
|         162 | Clara       | Vishney     | Oliver      | Tuvault    |
|         163 | Danielle    | Greene      | Peter       | Tucker     |
|         163 | Danielle    | Greene      | David       | Bernstein  |
|         163 | Danielle    | Greene      | Peter       | Hall       |
|         163 | Danielle    | Greene      | Christopher | Olsen      |
|         163 | Danielle    | Greene      | Nanette     | Cambrault  |
|         163 | Danielle    | Greene      | Oliver      | Tuvault    |
|         164 | Mattea      | Marvins     | Peter       | Tucker     |
|         164 | Mattea      | Marvins     | David       | Bernstein  |
|         164 | Mattea      | Marvins     | Peter       | Hall       |
|         164 | Mattea      | Marvins     | Christopher | Olsen      |
|         164 | Mattea      | Marvins     | Nanette     | Cambrault  |
|         164 | Mattea      | Marvins     | Oliver      | Tuvault    |
|         165 | David       | Lee         | Peter       | Tucker     |
|         165 | David       | Lee         | David       | Bernstein  |
|         165 | David       | Lee         | Peter       | Hall       |
|         165 | David       | Lee         | Christopher | Olsen      |
|         165 | David       | Lee         | Nanette     | Cambrault  |
|         165 | David       | Lee         | Oliver      | Tuvault    |
|         166 | Sundar      | Ande        | Peter       | Tucker     |
|         166 | Sundar      | Ande        | David       | Bernstein  |
|         166 | Sundar      | Ande        | Peter       | Hall       |
|         166 | Sundar      | Ande        | Christopher | Olsen      |
|         166 | Sundar      | Ande        | Nanette     | Cambrault  |
|         166 | Sundar      | Ande        | Oliver      | Tuvault    |
|         167 | Amit        | Banda       | Peter       | Tucker     |
|         167 | Amit        | Banda       | David       | Bernstein  |
|         167 | Amit        | Banda       | Peter       | Hall       |
|         167 | Amit        | Banda       | Christopher | Olsen      |
|         167 | Amit        | Banda       | Nanette     | Cambrault  |
|         167 | Amit        | Banda       | Oliver      | Tuvault    |
|         168 | Lisa        | Ozer        | Peter       | Tucker     |
|         168 | Lisa        | Ozer        | David       | Bernstein  |
|         168 | Lisa        | Ozer        | Peter       | Hall       |
|         168 | Lisa        | Ozer        | Christopher | Olsen      |
|         168 | Lisa        | Ozer        | Nanette     | Cambrault  |
|         168 | Lisa        | Ozer        | Oliver      | Tuvault    |
|         169 | Harrison    | Bloom       | Peter       | Tucker     |
|         169 | Harrison    | Bloom       | David       | Bernstein  |
|         169 | Harrison    | Bloom       | Peter       | Hall       |
|         169 | Harrison    | Bloom       | Christopher | Olsen      |
|         169 | Harrison    | Bloom       | Nanette     | Cambrault  |
|         169 | Harrison    | Bloom       | Oliver      | Tuvault    |
|         170 | Tayler      | Fox         | Peter       | Tucker     |
|         170 | Tayler      | Fox         | David       | Bernstein  |
|         170 | Tayler      | Fox         | Peter       | Hall       |
|         170 | Tayler      | Fox         | Christopher | Olsen      |
|         170 | Tayler      | Fox         | Nanette     | Cambrault  |
|         170 | Tayler      | Fox         | Oliver      | Tuvault    |
|         171 | William     | Smith       | Peter       | Tucker     |
|         171 | William     | Smith       | David       | Bernstein  |
|         171 | William     | Smith       | Peter       | Hall       |
|         171 | William     | Smith       | Christopher | Olsen      |
|         171 | William     | Smith       | Nanette     | Cambrault  |
|         171 | William     | Smith       | Oliver      | Tuvault    |
|         172 | Elizabeth   | Bates       | Peter       | Tucker     |
|         172 | Elizabeth   | Bates       | David       | Bernstein  |
|         172 | Elizabeth   | Bates       | Peter       | Hall       |
|         172 | Elizabeth   | Bates       | Christopher | Olsen      |
|         172 | Elizabeth   | Bates       | Nanette     | Cambrault  |
|         172 | Elizabeth   | Bates       | Oliver      | Tuvault    |
|         173 | Sundita     | Kumar       | Peter       | Tucker     |
|         173 | Sundita     | Kumar       | David       | Bernstein  |
|         173 | Sundita     | Kumar       | Peter       | Hall       |
|         173 | Sundita     | Kumar       | Christopher | Olsen      |
|         173 | Sundita     | Kumar       | Nanette     | Cambrault  |
|         173 | Sundita     | Kumar       | Oliver      | Tuvault    |
|         174 | Ellen       | Abel        | Peter       | Tucker     |
|         174 | Ellen       | Abel        | David       | Bernstein  |
|         174 | Ellen       | Abel        | Peter       | Hall       |
|         174 | Ellen       | Abel        | Christopher | Olsen      |
|         174 | Ellen       | Abel        | Nanette     | Cambrault  |
|         174 | Ellen       | Abel        | Oliver      | Tuvault    |
|         175 | Alyssa      | Hutton      | Peter       | Tucker     |
|         175 | Alyssa      | Hutton      | David       | Bernstein  |
|         175 | Alyssa      | Hutton      | Peter       | Hall       |
|         175 | Alyssa      | Hutton      | Christopher | Olsen      |
|         175 | Alyssa      | Hutton      | Nanette     | Cambrault  |
|         175 | Alyssa      | Hutton      | Oliver      | Tuvault    |
|         176 | Jonathon    | Taylor      | Peter       | Tucker     |
|         176 | Jonathon    | Taylor      | David       | Bernstein  |
|         176 | Jonathon    | Taylor      | Peter       | Hall       |
|         176 | Jonathon    | Taylor      | Christopher | Olsen      |
|         176 | Jonathon    | Taylor      | Nanette     | Cambrault  |
|         176 | Jonathon    | Taylor      | Oliver      | Tuvault    |
|         177 | Jack        | Livingston  | Peter       | Tucker     |
|         177 | Jack        | Livingston  | David       | Bernstein  |
|         177 | Jack        | Livingston  | Peter       | Hall       |
|         177 | Jack        | Livingston  | Christopher | Olsen      |
|         177 | Jack        | Livingston  | Nanette     | Cambrault  |
|         177 | Jack        | Livingston  | Oliver      | Tuvault    |
|         179 | Charles     | Johnson     | Peter       | Tucker     |
|         179 | Charles     | Johnson     | David       | Bernstein  |
|         179 | Charles     | Johnson     | Peter       | Hall       |
|         179 | Charles     | Johnson     | Christopher | Olsen      |
|         179 | Charles     | Johnson     | Nanette     | Cambrault  |
|         179 | Charles     | Johnson     | Oliver      | Tuvault    |
|         180 | Winston     | Taylor      | Laura       | Bissot     |
|         180 | Winston     | Taylor      | Mozhe       | Atkinson   |
|         180 | Winston     | Taylor      | James       | Marlow     |
|         180 | Winston     | Taylor      | TJ          | Olson      |
|         180 | Winston     | Taylor      | Nandita     | Sarchand   |
|         180 | Winston     | Taylor      | Alexis      | Bull       |
|         180 | Winston     | Taylor      | Julia       | Dellinger  |
|         180 | Winston     | Taylor      | Anthony     | Cabrio     |
|         181 | Jean        | Fleaur      | Laura       | Bissot     |
|         181 | Jean        | Fleaur      | Mozhe       | Atkinson   |
|         181 | Jean        | Fleaur      | James       | Marlow     |
|         181 | Jean        | Fleaur      | TJ          | Olson      |
|         181 | Jean        | Fleaur      | Nandita     | Sarchand   |
|         181 | Jean        | Fleaur      | Alexis      | Bull       |
|         181 | Jean        | Fleaur      | Julia       | Dellinger  |
|         181 | Jean        | Fleaur      | Anthony     | Cabrio     |
|         182 | Martha      | Sullivan    | Laura       | Bissot     |
|         182 | Martha      | Sullivan    | Mozhe       | Atkinson   |
|         182 | Martha      | Sullivan    | James       | Marlow     |
|         182 | Martha      | Sullivan    | TJ          | Olson      |
|         182 | Martha      | Sullivan    | Nandita     | Sarchand   |
|         182 | Martha      | Sullivan    | Alexis      | Bull       |
|         182 | Martha      | Sullivan    | Julia       | Dellinger  |
|         182 | Martha      | Sullivan    | Anthony     | Cabrio     |
|         183 | Girard      | Geoni       | Laura       | Bissot     |
|         183 | Girard      | Geoni       | Mozhe       | Atkinson   |
|         183 | Girard      | Geoni       | James       | Marlow     |
|         183 | Girard      | Geoni       | TJ          | Olson      |
|         183 | Girard      | Geoni       | Nandita     | Sarchand   |
|         183 | Girard      | Geoni       | Alexis      | Bull       |
|         183 | Girard      | Geoni       | Julia       | Dellinger  |
|         183 | Girard      | Geoni       | Anthony     | Cabrio     |
|         184 | Nandita     | Sarchand    | Laura       | Bissot     |
|         184 | Nandita     | Sarchand    | Mozhe       | Atkinson   |
|         184 | Nandita     | Sarchand    | James       | Marlow     |
|         184 | Nandita     | Sarchand    | TJ          | Olson      |
|         184 | Nandita     | Sarchand    | Nandita     | Sarchand   |
|         184 | Nandita     | Sarchand    | Alexis      | Bull       |
|         184 | Nandita     | Sarchand    | Julia       | Dellinger  |
|         184 | Nandita     | Sarchand    | Anthony     | Cabrio     |
|         185 | Alexis      | Bull        | Laura       | Bissot     |
|         185 | Alexis      | Bull        | Mozhe       | Atkinson   |
|         185 | Alexis      | Bull        | James       | Marlow     |
|         185 | Alexis      | Bull        | TJ          | Olson      |
|         185 | Alexis      | Bull        | Nandita     | Sarchand   |
|         185 | Alexis      | Bull        | Alexis      | Bull       |
|         185 | Alexis      | Bull        | Julia       | Dellinger  |
|         185 | Alexis      | Bull        | Anthony     | Cabrio     |
|         186 | Julia       | Dellinger   | Laura       | Bissot     |
|         186 | Julia       | Dellinger   | Mozhe       | Atkinson   |
|         186 | Julia       | Dellinger   | James       | Marlow     |
|         186 | Julia       | Dellinger   | TJ          | Olson      |
|         186 | Julia       | Dellinger   | Nandita     | Sarchand   |
|         186 | Julia       | Dellinger   | Alexis      | Bull       |
|         186 | Julia       | Dellinger   | Julia       | Dellinger  |
|         186 | Julia       | Dellinger   | Anthony     | Cabrio     |
|         187 | Anthony     | Cabrio      | Laura       | Bissot     |
|         187 | Anthony     | Cabrio      | Mozhe       | Atkinson   |
|         187 | Anthony     | Cabrio      | James       | Marlow     |
|         187 | Anthony     | Cabrio      | TJ          | Olson      |
|         187 | Anthony     | Cabrio      | Nandita     | Sarchand   |
|         187 | Anthony     | Cabrio      | Alexis      | Bull       |
|         187 | Anthony     | Cabrio      | Julia       | Dellinger  |
|         187 | Anthony     | Cabrio      | Anthony     | Cabrio     |
|         188 | Kelly       | Chung       | Laura       | Bissot     |
|         188 | Kelly       | Chung       | Mozhe       | Atkinson   |
|         188 | Kelly       | Chung       | James       | Marlow     |
|         188 | Kelly       | Chung       | TJ          | Olson      |
|         188 | Kelly       | Chung       | Nandita     | Sarchand   |
|         188 | Kelly       | Chung       | Alexis      | Bull       |
|         188 | Kelly       | Chung       | Julia       | Dellinger  |
|         188 | Kelly       | Chung       | Anthony     | Cabrio     |
|         189 | Jennifer    | Dilly       | Laura       | Bissot     |
|         189 | Jennifer    | Dilly       | Mozhe       | Atkinson   |
|         189 | Jennifer    | Dilly       | James       | Marlow     |
|         189 | Jennifer    | Dilly       | TJ          | Olson      |
|         189 | Jennifer    | Dilly       | Nandita     | Sarchand   |
|         189 | Jennifer    | Dilly       | Alexis      | Bull       |
|         189 | Jennifer    | Dilly       | Julia       | Dellinger  |
|         189 | Jennifer    | Dilly       | Anthony     | Cabrio     |
|         190 | Timothy     | Gates       | Laura       | Bissot     |
|         190 | Timothy     | Gates       | Mozhe       | Atkinson   |
|         190 | Timothy     | Gates       | James       | Marlow     |
|         190 | Timothy     | Gates       | TJ          | Olson      |
|         190 | Timothy     | Gates       | Nandita     | Sarchand   |
|         190 | Timothy     | Gates       | Alexis      | Bull       |
|         190 | Timothy     | Gates       | Julia       | Dellinger  |
|         190 | Timothy     | Gates       | Anthony     | Cabrio     |
|         191 | Randall     | Perkins     | Laura       | Bissot     |
|         191 | Randall     | Perkins     | Mozhe       | Atkinson   |
|         191 | Randall     | Perkins     | James       | Marlow     |
|         191 | Randall     | Perkins     | TJ          | Olson      |
|         191 | Randall     | Perkins     | Nandita     | Sarchand   |
|         191 | Randall     | Perkins     | Alexis      | Bull       |
|         191 | Randall     | Perkins     | Julia       | Dellinger  |
|         191 | Randall     | Perkins     | Anthony     | Cabrio     |
|         192 | Sarah       | Bell        | Laura       | Bissot     |
|         192 | Sarah       | Bell        | Mozhe       | Atkinson   |
|         192 | Sarah       | Bell        | James       | Marlow     |
|         192 | Sarah       | Bell        | TJ          | Olson      |
|         192 | Sarah       | Bell        | Nandita     | Sarchand   |
|         192 | Sarah       | Bell        | Alexis      | Bull       |
|         192 | Sarah       | Bell        | Julia       | Dellinger  |
|         192 | Sarah       | Bell        | Anthony     | Cabrio     |
|         193 | Britney     | Everett     | Laura       | Bissot     |
|         193 | Britney     | Everett     | Mozhe       | Atkinson   |
|         193 | Britney     | Everett     | James       | Marlow     |
|         193 | Britney     | Everett     | TJ          | Olson      |
|         193 | Britney     | Everett     | Nandita     | Sarchand   |
|         193 | Britney     | Everett     | Alexis      | Bull       |
|         193 | Britney     | Everett     | Julia       | Dellinger  |
|         193 | Britney     | Everett     | Anthony     | Cabrio     |
|         194 | Samuel      | McCain      | Laura       | Bissot     |
|         194 | Samuel      | McCain      | Mozhe       | Atkinson   |
|         194 | Samuel      | McCain      | James       | Marlow     |
|         194 | Samuel      | McCain      | TJ          | Olson      |
|         194 | Samuel      | McCain      | Nandita     | Sarchand   |
|         194 | Samuel      | McCain      | Alexis      | Bull       |
|         194 | Samuel      | McCain      | Julia       | Dellinger  |
|         194 | Samuel      | McCain      | Anthony     | Cabrio     |
|         195 | Vance       | Jones       | Laura       | Bissot     |
|         195 | Vance       | Jones       | Mozhe       | Atkinson   |
|         195 | Vance       | Jones       | James       | Marlow     |
|         195 | Vance       | Jones       | TJ          | Olson      |
|         195 | Vance       | Jones       | Nandita     | Sarchand   |
|         195 | Vance       | Jones       | Alexis      | Bull       |
|         195 | Vance       | Jones       | Julia       | Dellinger  |
|         195 | Vance       | Jones       | Anthony     | Cabrio     |
|         196 | Alana       | Walsh       | Laura       | Bissot     |
|         196 | Alana       | Walsh       | Mozhe       | Atkinson   |
|         196 | Alana       | Walsh       | James       | Marlow     |
|         196 | Alana       | Walsh       | TJ          | Olson      |
|         196 | Alana       | Walsh       | Nandita     | Sarchand   |
|         196 | Alana       | Walsh       | Alexis      | Bull       |
|         196 | Alana       | Walsh       | Julia       | Dellinger  |
|         196 | Alana       | Walsh       | Anthony     | Cabrio     |
|         197 | Kevin       | Feeney      | Laura       | Bissot     |
|         197 | Kevin       | Feeney      | Mozhe       | Atkinson   |
|         197 | Kevin       | Feeney      | James       | Marlow     |
|         197 | Kevin       | Feeney      | TJ          | Olson      |
|         197 | Kevin       | Feeney      | Nandita     | Sarchand   |
|         197 | Kevin       | Feeney      | Alexis      | Bull       |
|         197 | Kevin       | Feeney      | Julia       | Dellinger  |
|         197 | Kevin       | Feeney      | Anthony     | Cabrio     |
|         198 | Donald      | OConnell    | Laura       | Bissot     |
|         198 | Donald      | OConnell    | Mozhe       | Atkinson   |
|         198 | Donald      | OConnell    | James       | Marlow     |
|         198 | Donald      | OConnell    | TJ          | Olson      |
|         198 | Donald      | OConnell    | Nandita     | Sarchand   |
|         198 | Donald      | OConnell    | Alexis      | Bull       |
|         198 | Donald      | OConnell    | Julia       | Dellinger  |
|         198 | Donald      | OConnell    | Anthony     | Cabrio     |
|         199 | Douglas     | Grant       | Laura       | Bissot     |
|         199 | Douglas     | Grant       | Mozhe       | Atkinson   |
|         199 | Douglas     | Grant       | James       | Marlow     |
|         199 | Douglas     | Grant       | TJ          | Olson      |
|         199 | Douglas     | Grant       | Nandita     | Sarchand   |
|         199 | Douglas     | Grant       | Alexis      | Bull       |
|         199 | Douglas     | Grant       | Julia       | Dellinger  |
|         199 | Douglas     | Grant       | Anthony     | Cabrio     |
|         201 | Michael     | Hartstein   | Pat         | Fay        |
|         202 | Pat         | Fay         | Pat         | Fay        |
|         205 | Shelley     | Higgins     | William     | Gietz      |
|         206 | William     | Gietz       | William     | Gietz      |
+-------------+-------------+-------------+-------------+------------+
690 rows in set (0.0045 sec)
 MySQL  localhost:3306 ssl  comp2  SQL > select a.employee_id, a.first_name, a.last_name, b.first_name, b.last_name from employees a inner join emplooyees b on a.employee_id = b.manager.id;
ERROR: 1146 (42S02): Table 'comp2.emplooyees' doesn't exist
 MySQL  localhost:3306 ssl  comp2  SQL > select a.employee_id, a.first_name, a.last_name, b.first_name, b.last_name from employees a inner join employees b on a.employee_id = b.manager.id;
ERROR: 1054 (42S22): Unknown column 'b.manager.id' in 'on clause'
 MySQL  localhost:3306 ssl  comp2  SQL > select a.employee_id, a.first_name, a.last_name, b.first_name, b.last_name from employees a inner join employees b on a.employee_id = b.manager_id;
+-------------+------------+-----------+-------------+-------------+
| employee_id | first_name | last_name | first_name  | last_name   |
+-------------+------------+-----------+-------------+-------------+
|         100 | Steven     | King      | Neena       | Kochhar     |
|         100 | Steven     | King      | Lex         | De Haan     |
|         102 | Lex        | De Haan   | Alexander   | Hunold      |
|         103 | Alexander  | Hunold    | Bruce       | Ernst       |
|         103 | Alexander  | Hunold    | David       | Austin      |
|         103 | Alexander  | Hunold    | Valli       | Pataballa   |
|         103 | Alexander  | Hunold    | Diana       | Lorentz     |
|         101 | Neena      | Kochhar   | Nancy       | Greenberg   |
|         108 | Nancy      | Greenberg | Daniel      | Faviet      |
|         108 | Nancy      | Greenberg | John        | Chen        |
|         108 | Nancy      | Greenberg | Ismael      | Sciarra     |
|         108 | Nancy      | Greenberg | Jose Manuel | Urman       |
|         108 | Nancy      | Greenberg | Luis        | Popp        |
|         100 | Steven     | King      | Den         | Raphaely    |
|         114 | Den        | Raphaely  | Alexander   | Khoo        |
|         114 | Den        | Raphaely  | Shelli      | Baida       |
|         114 | Den        | Raphaely  | Sigal       | Tobias      |
|         114 | Den        | Raphaely  | Guy         | Himuro      |
|         114 | Den        | Raphaely  | Karen       | Colmenares  |
|         100 | Steven     | King      | Matthew     | Weiss       |
|         100 | Steven     | King      | Adam        | Fripp       |
|         100 | Steven     | King      | Payam       | Kaufling    |
|         100 | Steven     | King      | Shanta      | Vollman     |
|         100 | Steven     | King      | Kevin       | Mourgos     |
|         120 | Matthew    | Weiss     | Julia       | Nayer       |
|         120 | Matthew    | Weiss     | Irene       | Mikkilineni |
|         120 | Matthew    | Weiss     | James       | Landry      |
|         120 | Matthew    | Weiss     | Steven      | Markle      |
|         121 | Adam       | Fripp     | Laura       | Bissot      |
|         121 | Adam       | Fripp     | Mozhe       | Atkinson    |
|         121 | Adam       | Fripp     | James       | Marlow      |
|         121 | Adam       | Fripp     | TJ          | Olson       |
|         122 | Payam      | Kaufling  | Jason       | Mallin      |
|         122 | Payam      | Kaufling  | Michael     | Rogers      |
|         122 | Payam      | Kaufling  | Ki          | Gee         |
|         122 | Payam      | Kaufling  | Hazel       | Philtanker  |
|         123 | Shanta     | Vollman   | Renske      | Ladwig      |
|         123 | Shanta     | Vollman   | Stephen     | Stiles      |
|         123 | Shanta     | Vollman   | John        | Seo         |
|         123 | Shanta     | Vollman   | Joshua      | Patel       |
|         124 | Kevin      | Mourgos   | Trenna      | Rajs        |
|         124 | Kevin      | Mourgos   | Curtis      | Davies      |
|         124 | Kevin      | Mourgos   | Randall     | Matos       |
|         124 | Kevin      | Mourgos   | Peter       | Vargas      |
|         100 | Steven     | King      | John        | Russell     |
|         100 | Steven     | King      | Karen       | Partners    |
|         100 | Steven     | King      | Alberto     | Errazuriz   |
|         100 | Steven     | King      | Gerald      | Cambrault   |
|         100 | Steven     | King      | Eleni       | Zlotkey     |
|         145 | John       | Russell   | Peter       | Tucker      |
|         145 | John       | Russell   | David       | Bernstein   |
|         145 | John       | Russell   | Peter       | Hall        |
|         145 | John       | Russell   | Christopher | Olsen       |
|         145 | John       | Russell   | Nanette     | Cambrault   |
|         145 | John       | Russell   | Oliver      | Tuvault     |
|         146 | Karen      | Partners  | Janette     | King        |
|         146 | Karen      | Partners  | Patrick     | Sully       |
|         146 | Karen      | Partners  | Allan       | McEwen      |
|         146 | Karen      | Partners  | Lindsey     | Smith       |
|         146 | Karen      | Partners  | Louise      | Doran       |
|         146 | Karen      | Partners  | Sarath      | Sewall      |
|         147 | Alberto    | Errazuriz | Clara       | Vishney     |
|         147 | Alberto    | Errazuriz | Danielle    | Greene      |
|         147 | Alberto    | Errazuriz | Mattea      | Marvins     |
|         147 | Alberto    | Errazuriz | David       | Lee         |
|         147 | Alberto    | Errazuriz | Sundar      | Ande        |
|         147 | Alberto    | Errazuriz | Amit        | Banda       |
|         148 | Gerald     | Cambrault | Lisa        | Ozer        |
|         148 | Gerald     | Cambrault | Harrison    | Bloom       |
|         148 | Gerald     | Cambrault | Tayler      | Fox         |
|         148 | Gerald     | Cambrault | William     | Smith       |
|         148 | Gerald     | Cambrault | Elizabeth   | Bates       |
|         148 | Gerald     | Cambrault | Sundita     | Kumar       |
|         149 | Eleni      | Zlotkey   | Ellen       | Abel        |
|         149 | Eleni      | Zlotkey   | Alyssa      | Hutton      |
|         149 | Eleni      | Zlotkey   | Jonathon    | Taylor      |
|         149 | Eleni      | Zlotkey   | Jack        | Livingston  |
|         149 | Eleni      | Zlotkey   | Kimberely   | Grant       |
|         149 | Eleni      | Zlotkey   | Charles     | Johnson     |
|         120 | Matthew    | Weiss     | Winston     | Taylor      |
|         120 | Matthew    | Weiss     | Jean        | Fleaur      |
|         120 | Matthew    | Weiss     | Martha      | Sullivan    |
|         120 | Matthew    | Weiss     | Girard      | Geoni       |
|         121 | Adam       | Fripp     | Nandita     | Sarchand    |
|         121 | Adam       | Fripp     | Alexis      | Bull        |
|         121 | Adam       | Fripp     | Julia       | Dellinger   |
|         121 | Adam       | Fripp     | Anthony     | Cabrio      |
|         122 | Payam      | Kaufling  | Kelly       | Chung       |
|         122 | Payam      | Kaufling  | Jennifer    | Dilly       |
|         122 | Payam      | Kaufling  | Timothy     | Gates       |
|         122 | Payam      | Kaufling  | Randall     | Perkins     |
|         123 | Shanta     | Vollman   | Sarah       | Bell        |
|         123 | Shanta     | Vollman   | Britney     | Everett     |
|         123 | Shanta     | Vollman   | Samuel      | McCain      |
|         123 | Shanta     | Vollman   | Vance       | Jones       |
|         124 | Kevin      | Mourgos   | Alana       | Walsh       |
|         124 | Kevin      | Mourgos   | Kevin       | Feeney      |
|         124 | Kevin      | Mourgos   | Donald      | OConnell    |
|         124 | Kevin      | Mourgos   | Douglas     | Grant       |
|         101 | Neena      | Kochhar   | Jennifer    | Whalen      |
|         100 | Steven     | King      | Michael     | Hartstein   |
|         201 | Michael    | Hartstein | Pat         | Fay         |
|         101 | Neena      | Kochhar   | Susan       | Mavris      |
|         101 | Neena      | Kochhar   | Hermann     | Baer        |
|         101 | Neena      | Kochhar   | Shelley     | Higgins     |
|         205 | Shelley    | Higgins   | William     | Gietz       |
+-------------+------------+-----------+-------------+-------------+
106 rows in set (0.0022 sec)
 MySQL  localhost:3306 ssl  comp2  SQL > select b.first_name, b.last_name, a.employee_id, a.first_name, a.last_name from employees a inner join employees b on a.employee_id = b.manager_id;
+-------------+-------------+-------------+------------+-----------+
| first_name  | last_name   | employee_id | first_name | last_name |
+-------------+-------------+-------------+------------+-----------+
| Neena       | Kochhar     |         100 | Steven     | King      |
| Lex         | De Haan     |         100 | Steven     | King      |
| Alexander   | Hunold      |         102 | Lex        | De Haan   |
| Bruce       | Ernst       |         103 | Alexander  | Hunold    |
| David       | Austin      |         103 | Alexander  | Hunold    |
| Valli       | Pataballa   |         103 | Alexander  | Hunold    |
| Diana       | Lorentz     |         103 | Alexander  | Hunold    |
| Nancy       | Greenberg   |         101 | Neena      | Kochhar   |
| Daniel      | Faviet      |         108 | Nancy      | Greenberg |
| John        | Chen        |         108 | Nancy      | Greenberg |
| Ismael      | Sciarra     |         108 | Nancy      | Greenberg |
| Jose Manuel | Urman       |         108 | Nancy      | Greenberg |
| Luis        | Popp        |         108 | Nancy      | Greenberg |
| Den         | Raphaely    |         100 | Steven     | King      |
| Alexander   | Khoo        |         114 | Den        | Raphaely  |
| Shelli      | Baida       |         114 | Den        | Raphaely  |
| Sigal       | Tobias      |         114 | Den        | Raphaely  |
| Guy         | Himuro      |         114 | Den        | Raphaely  |
| Karen       | Colmenares  |         114 | Den        | Raphaely  |
| Matthew     | Weiss       |         100 | Steven     | King      |
| Adam        | Fripp       |         100 | Steven     | King      |
| Payam       | Kaufling    |         100 | Steven     | King      |
| Shanta      | Vollman     |         100 | Steven     | King      |
| Kevin       | Mourgos     |         100 | Steven     | King      |
| Julia       | Nayer       |         120 | Matthew    | Weiss     |
| Irene       | Mikkilineni |         120 | Matthew    | Weiss     |
| James       | Landry      |         120 | Matthew    | Weiss     |
| Steven      | Markle      |         120 | Matthew    | Weiss     |
| Laura       | Bissot      |         121 | Adam       | Fripp     |
| Mozhe       | Atkinson    |         121 | Adam       | Fripp     |
| James       | Marlow      |         121 | Adam       | Fripp     |
| TJ          | Olson       |         121 | Adam       | Fripp     |
| Jason       | Mallin      |         122 | Payam      | Kaufling  |
| Michael     | Rogers      |         122 | Payam      | Kaufling  |
| Ki          | Gee         |         122 | Payam      | Kaufling  |
| Hazel       | Philtanker  |         122 | Payam      | Kaufling  |
| Renske      | Ladwig      |         123 | Shanta     | Vollman   |
| Stephen     | Stiles      |         123 | Shanta     | Vollman   |
| John        | Seo         |         123 | Shanta     | Vollman   |
| Joshua      | Patel       |         123 | Shanta     | Vollman   |
| Trenna      | Rajs        |         124 | Kevin      | Mourgos   |
| Curtis      | Davies      |         124 | Kevin      | Mourgos   |
| Randall     | Matos       |         124 | Kevin      | Mourgos   |
| Peter       | Vargas      |         124 | Kevin      | Mourgos   |
| John        | Russell     |         100 | Steven     | King      |
| Karen       | Partners    |         100 | Steven     | King      |
| Alberto     | Errazuriz   |         100 | Steven     | King      |
| Gerald      | Cambrault   |         100 | Steven     | King      |
| Eleni       | Zlotkey     |         100 | Steven     | King      |
| Peter       | Tucker      |         145 | John       | Russell   |
| David       | Bernstein   |         145 | John       | Russell   |
| Peter       | Hall        |         145 | John       | Russell   |
| Christopher | Olsen       |         145 | John       | Russell   |
| Nanette     | Cambrault   |         145 | John       | Russell   |
| Oliver      | Tuvault     |         145 | John       | Russell   |
| Janette     | King        |         146 | Karen      | Partners  |
| Patrick     | Sully       |         146 | Karen      | Partners  |
| Allan       | McEwen      |         146 | Karen      | Partners  |
| Lindsey     | Smith       |         146 | Karen      | Partners  |
| Louise      | Doran       |         146 | Karen      | Partners  |
| Sarath      | Sewall      |         146 | Karen      | Partners  |
| Clara       | Vishney     |         147 | Alberto    | Errazuriz |
| Danielle    | Greene      |         147 | Alberto    | Errazuriz |
| Mattea      | Marvins     |         147 | Alberto    | Errazuriz |
| David       | Lee         |         147 | Alberto    | Errazuriz |
| Sundar      | Ande        |         147 | Alberto    | Errazuriz |
| Amit        | Banda       |         147 | Alberto    | Errazuriz |
| Lisa        | Ozer        |         148 | Gerald     | Cambrault |
| Harrison    | Bloom       |         148 | Gerald     | Cambrault |
| Tayler      | Fox         |         148 | Gerald     | Cambrault |
| William     | Smith       |         148 | Gerald     | Cambrault |
| Elizabeth   | Bates       |         148 | Gerald     | Cambrault |
| Sundita     | Kumar       |         148 | Gerald     | Cambrault |
| Ellen       | Abel        |         149 | Eleni      | Zlotkey   |
| Alyssa      | Hutton      |         149 | Eleni      | Zlotkey   |
| Jonathon    | Taylor      |         149 | Eleni      | Zlotkey   |
| Jack        | Livingston  |         149 | Eleni      | Zlotkey   |
| Kimberely   | Grant       |         149 | Eleni      | Zlotkey   |
| Charles     | Johnson     |         149 | Eleni      | Zlotkey   |
| Winston     | Taylor      |         120 | Matthew    | Weiss     |
| Jean        | Fleaur      |         120 | Matthew    | Weiss     |
| Martha      | Sullivan    |         120 | Matthew    | Weiss     |
| Girard      | Geoni       |         120 | Matthew    | Weiss     |
| Nandita     | Sarchand    |         121 | Adam       | Fripp     |
| Alexis      | Bull        |         121 | Adam       | Fripp     |
| Julia       | Dellinger   |         121 | Adam       | Fripp     |
| Anthony     | Cabrio      |         121 | Adam       | Fripp     |
| Kelly       | Chung       |         122 | Payam      | Kaufling  |
| Jennifer    | Dilly       |         122 | Payam      | Kaufling  |
| Timothy     | Gates       |         122 | Payam      | Kaufling  |
| Randall     | Perkins     |         122 | Payam      | Kaufling  |
| Sarah       | Bell        |         123 | Shanta     | Vollman   |
| Britney     | Everett     |         123 | Shanta     | Vollman   |
| Samuel      | McCain      |         123 | Shanta     | Vollman   |
| Vance       | Jones       |         123 | Shanta     | Vollman   |
| Alana       | Walsh       |         124 | Kevin      | Mourgos   |
| Kevin       | Feeney      |         124 | Kevin      | Mourgos   |
| Donald      | OConnell    |         124 | Kevin      | Mourgos   |
| Douglas     | Grant       |         124 | Kevin      | Mourgos   |
| Jennifer    | Whalen      |         101 | Neena      | Kochhar   |
| Michael     | Hartstein   |         100 | Steven     | King      |
| Pat         | Fay         |         201 | Michael    | Hartstein |
| Susan       | Mavris      |         101 | Neena      | Kochhar   |
| Hermann     | Baer        |         101 | Neena      | Kochhar   |
| Shelley     | Higgins     |         101 | Neena      | Kochhar   |
| William     | Gietz       |         205 | Shelley    | Higgins   |
+-------------+-------------+-------------+------------+-----------+
106 rows in set (0.0020 sec)
 MySQL  localhost:3306 ssl  comp2  SQL > desc employees;
+----------------+--------------+------+-----+---------+-------+
| Field          | Type         | Null | Key | Default | Extra |
+----------------+--------------+------+-----+---------+-------+
| EMPLOYEE_ID    | decimal(6,0) | NO   | PRI | 0       |       |
| FIRST_NAME     | varchar(20)  | YES  |     | NULL    |       |
| LAST_NAME      | varchar(25)  | NO   | MUL | NULL    |       |
| EMAIL          | varchar(25)  | NO   | UNI | NULL    |       |
| PHONE_NUMBER   | varchar(20)  | YES  |     | NULL    |       |
| HIRE_DATE      | date         | NO   |     | NULL    |       |
| JOB_ID         | varchar(10)  | NO   | MUL | NULL    |       |
| SALARY         | decimal(8,2) | YES  |     | NULL    |       |
| COMMISSION_PCT | decimal(2,2) | YES  |     | NULL    |       |
| MANAGER_ID     | decimal(6,0) | YES  | MUL | NULL    |       |
| DEPARTMENT_ID  | decimal(4,0) | YES  | MUL | NULL    |       |
+----------------+--------------+------+-----+---------+-------+
11 rows in set (0.0037 sec)
 MySQL  localhost:3306 ssl  comp2  SQL > desc jobs;
+------------+--------------+------+-----+---------+-------+
| Field      | Type         | Null | Key | Default | Extra |
+------------+--------------+------+-----+---------+-------+
| JOB_ID     | varchar(10)  | NO   | PRI |         |       |
| JOB_TITLE  | varchar(35)  | NO   |     | NULL    |       |
| MIN_SALARY | decimal(6,0) | YES  |     | NULL    |       |
| MAX_SALARY | decimal(6,0) | YES  |     | NULL    |       |
+------------+--------------+------+-----+---------+-------+
4 rows in set (0.0042 sec)
 MySQL  localhost:3306 ssl  comp2  SQL > desc departments;
+-----------------+--------------+------+-----+---------+-------+
| Field           | Type         | Null | Key | Default | Extra |
+-----------------+--------------+------+-----+---------+-------+
| DEPARTMENT_ID   | decimal(4,0) | NO   | PRI | 0       |       |
| DEPARTMENT_NAME | varchar(30)  | NO   |     | NULL    |       |
| MANAGER_ID      | decimal(6,0) | YES  | MUL | NULL    |       |
| LOCATION_ID     | decimal(4,0) | YES  | MUL | NULL    |       |
+-----------------+--------------+------+-----+---------+-------+
4 rows in set (0.0037 sec)
 MySQL  localhost:3306 ssl  comp2  SQL > inner join a.first_name, a.last_name, b.job_title, c.department_name from employees a inner join jobs b on a.job_id = b.job_id inner join departments c on a.department_id = c.department_id;
ERROR: 1064 (42000): You have an error in your SQL syntax; check the manual that corresponds to your MySQL server version for the right syntax to use near 'inner join a.first_name, a.last_name, b.job_title, c.department_name from employ' at line 1
 MySQL  localhost:3306 ssl  comp2  SQL > select a.first_name, a.last_name, b.job_title, c.department_name from employees a inner join jobs b on a.job_id = b.job_id inner join departments c on a.department_id = c.department_id;
+-------------+-------------+---------------------------------+------------------+
| first_name  | last_name   | job_title                       | department_name  |
+-------------+-------------+---------------------------------+------------------+
| William     | Gietz       | Public Accountant               | Accounting       |
| Shelley     | Higgins     | Accounting Manager              | Accounting       |
| Jennifer    | Whalen      | Administration Assistant        | Administration   |
| Steven      | King        | President                       | Executive        |
| Neena       | Kochhar     | Administration Vice President   | Executive        |
| Lex         | De Haan     | Administration Vice President   | Executive        |
| Daniel      | Faviet      | Accountant                      | Finance          |
| John        | Chen        | Accountant                      | Finance          |
| Ismael      | Sciarra     | Accountant                      | Finance          |
| Jose Manuel | Urman       | Accountant                      | Finance          |
| Luis        | Popp        | Accountant                      | Finance          |
| Nancy       | Greenberg   | Finance Manager                 | Finance          |
| Susan       | Mavris      | Human Resources Representative  | Human Resources  |
| Alexander   | Hunold      | Programmer                      | IT               |
| Bruce       | Ernst       | Programmer                      | IT               |
| David       | Austin      | Programmer                      | IT               |
| Valli       | Pataballa   | Programmer                      | IT               |
| Diana       | Lorentz     | Programmer                      | IT               |
| Michael     | Hartstein   | Marketing Manager               | Marketing        |
| Pat         | Fay         | Marketing Representative        | Marketing        |
| Hermann     | Baer        | Public Relations Representative | Public Relations |
| Alexander   | Khoo        | Purchasing Clerk                | Purchasing       |
| Shelli      | Baida       | Purchasing Clerk                | Purchasing       |
| Sigal       | Tobias      | Purchasing Clerk                | Purchasing       |
| Guy         | Himuro      | Purchasing Clerk                | Purchasing       |
| Karen       | Colmenares  | Purchasing Clerk                | Purchasing       |
| Den         | Raphaely    | Purchasing Manager              | Purchasing       |
| John        | Russell     | Sales Manager                   | Sales            |
| Karen       | Partners    | Sales Manager                   | Sales            |
| Alberto     | Errazuriz   | Sales Manager                   | Sales            |
| Gerald      | Cambrault   | Sales Manager                   | Sales            |
| Eleni       | Zlotkey     | Sales Manager                   | Sales            |
| Peter       | Tucker      | Sales Representative            | Sales            |
| David       | Bernstein   | Sales Representative            | Sales            |
| Peter       | Hall        | Sales Representative            | Sales            |
| Christopher | Olsen       | Sales Representative            | Sales            |
| Nanette     | Cambrault   | Sales Representative            | Sales            |
| Oliver      | Tuvault     | Sales Representative            | Sales            |
| Janette     | King        | Sales Representative            | Sales            |
| Patrick     | Sully       | Sales Representative            | Sales            |
| Allan       | McEwen      | Sales Representative            | Sales            |
| Lindsey     | Smith       | Sales Representative            | Sales            |
| Louise      | Doran       | Sales Representative            | Sales            |
| Sarath      | Sewall      | Sales Representative            | Sales            |
| Clara       | Vishney     | Sales Representative            | Sales            |
| Danielle    | Greene      | Sales Representative            | Sales            |
| Mattea      | Marvins     | Sales Representative            | Sales            |
| David       | Lee         | Sales Representative            | Sales            |
| Sundar      | Ande        | Sales Representative            | Sales            |
| Amit        | Banda       | Sales Representative            | Sales            |
| Lisa        | Ozer        | Sales Representative            | Sales            |
| Harrison    | Bloom       | Sales Representative            | Sales            |
| Tayler      | Fox         | Sales Representative            | Sales            |
| William     | Smith       | Sales Representative            | Sales            |
| Elizabeth   | Bates       | Sales Representative            | Sales            |
| Sundita     | Kumar       | Sales Representative            | Sales            |
| Ellen       | Abel        | Sales Representative            | Sales            |
| Alyssa      | Hutton      | Sales Representative            | Sales            |
| Jonathon    | Taylor      | Sales Representative            | Sales            |
| Jack        | Livingston  | Sales Representative            | Sales            |
| Charles     | Johnson     | Sales Representative            | Sales            |
| Winston     | Taylor      | Shipping Clerk                  | Shipping         |
| Jean        | Fleaur      | Shipping Clerk                  | Shipping         |
| Martha      | Sullivan    | Shipping Clerk                  | Shipping         |
| Girard      | Geoni       | Shipping Clerk                  | Shipping         |
| Nandita     | Sarchand    | Shipping Clerk                  | Shipping         |
| Alexis      | Bull        | Shipping Clerk                  | Shipping         |
| Julia       | Dellinger   | Shipping Clerk                  | Shipping         |
| Anthony     | Cabrio      | Shipping Clerk                  | Shipping         |
| Kelly       | Chung       | Shipping Clerk                  | Shipping         |
| Jennifer    | Dilly       | Shipping Clerk                  | Shipping         |
| Timothy     | Gates       | Shipping Clerk                  | Shipping         |
| Randall     | Perkins     | Shipping Clerk                  | Shipping         |
| Sarah       | Bell        | Shipping Clerk                  | Shipping         |
| Britney     | Everett     | Shipping Clerk                  | Shipping         |
| Samuel      | McCain      | Shipping Clerk                  | Shipping         |
| Vance       | Jones       | Shipping Clerk                  | Shipping         |
| Alana       | Walsh       | Shipping Clerk                  | Shipping         |
| Kevin       | Feeney      | Shipping Clerk                  | Shipping         |
| Donald      | OConnell    | Shipping Clerk                  | Shipping         |
| Douglas     | Grant       | Shipping Clerk                  | Shipping         |
| Julia       | Nayer       | Stock Clerk                     | Shipping         |
| Irene       | Mikkilineni | Stock Clerk                     | Shipping         |
| James       | Landry      | Stock Clerk                     | Shipping         |
| Steven      | Markle      | Stock Clerk                     | Shipping         |
| Laura       | Bissot      | Stock Clerk                     | Shipping         |
| Mozhe       | Atkinson    | Stock Clerk                     | Shipping         |
| James       | Marlow      | Stock Clerk                     | Shipping         |
| TJ          | Olson       | Stock Clerk                     | Shipping         |
| Jason       | Mallin      | Stock Clerk                     | Shipping         |
| Michael     | Rogers      | Stock Clerk                     | Shipping         |
| Ki          | Gee         | Stock Clerk                     | Shipping         |
| Hazel       | Philtanker  | Stock Clerk                     | Shipping         |
| Renske      | Ladwig      | Stock Clerk                     | Shipping         |
| Stephen     | Stiles      | Stock Clerk                     | Shipping         |
| John        | Seo         | Stock Clerk                     | Shipping         |
| Joshua      | Patel       | Stock Clerk                     | Shipping         |
| Trenna      | Rajs        | Stock Clerk                     | Shipping         |
| Curtis      | Davies      | Stock Clerk                     | Shipping         |
| Randall     | Matos       | Stock Clerk                     | Shipping         |
| Peter       | Vargas      | Stock Clerk                     | Shipping         |
| Matthew     | Weiss       | Stock Manager                   | Shipping         |
| Adam        | Fripp       | Stock Manager                   | Shipping         |
| Payam       | Kaufling    | Stock Manager                   | Shipping         |
| Shanta      | Vollman     | Stock Manager                   | Shipping         |
| Kevin       | Mourgos     | Stock Manager                   | Shipping         |
+-------------+-------------+-