MySQL Shell 8.0.31

Copyright (c) 2016, 2022, Oracle and/or its affiliates.
Oracle is a registered trademark of Oracle Corporation and/or its affiliates.
Other names may be trademarks of their respective owners.

Type '\help' or '\?' for help; '\quit' to exit.
 MySQL  JS > \sql
Switching to SQL mode... Commands end with ;
 MySQL  SQL > \connect --mc root@localhost
Creating a Classic session to 'root@localhost'
Fetching global names for auto-completion... Press ^C to stop.
Your MySQL connection id is 8
Server version: 8.0.31 MySQL Community Server - GPL
No default schema selected; type \use <schema> to set one.
 MySQL  localhost:3306 ssl  SQL > use eva_2;
Default schema set to `eva_2`.
Fetching global names, object names from `eva_2` for auto-completion... Press ^C to stop.
 MySQL  localhost:3306 ssl  eva_2  SQL > show tables;
+-----------------+
| Tables_in_eva_2 |
+-----------------+
| contacts        |
| detalle         |
| detalle_factura |
| factura         |
| maestro         |
| phones          |
+-----------------+
6 rows in set (0.0240 sec)
 MySQL  localhost:3306 ssl  eva_2  SQL > show create table detalle;
+---------+-----------------------------------------------------------------------------------------------------------------------------------------------------------------------------------------------------------------------------------------------------------------------------------------------------------------------------------------------------------------------------------+
| Table   | Create Table                                                                                                                                                                                                                                                                                                                                                                      |
+---------+-----------------------------------------------------------------------------------------------------------------------------------------------------------------------------------------------------------------------------------------------------------------------------------------------------------------------------------------------------------------------------------+
| detalle | CREATE TABLE `detalle` (
  `id` int NOT NULL AUTO_INCREMENT,
  `id_maestro` int DEFAULT NULL,
  `dato` varchar(20) NOT NULL,
  PRIMARY KEY (`id`),
  KEY `id_maestro` (`id_maestro`),
  CONSTRAINT `detalle_ibfk_1` FOREIGN KEY (`id_maestro`) REFERENCES `maestro` (`id`) ON DELETE SET NULL
) ENGINE=InnoDB AUTO_INCREMENT=7 DEFAULT CHARSET=utf8mb4 COLLATE=utf8mb4_0900_ai_ci |
+---------+-----------------------------------------------------------------------------------------------------------------------------------------------------------------------------------------------------------------------------------------------------------------------------------------------------------------------------------------------------------------------------------+
1 row in set (0.0085 sec)
 MySQL  localhost:3306 ssl  eva_2  SQL > alter table detalle
                                      -> drop;
ERROR: 1064 (42000): You have an error in your SQL syntax; check the manual that corresponds to your MySQL server version for the right syntax to use near '' at line 2
 MySQL  localhost:3306 ssl  eva_2  SQL > alter table detalle
                                      -> drop constraint detalle_idfk_1;
ERROR: 3940 (HY000): Constraint 'detalle_idfk_1' does not exist.
 MySQL  localhost:3306 ssl  eva_2  SQL > alter table detalle drop constraint detalle_ibfk_1;
Query OK, 0 rows affected (1.1345 sec)

Records: 0  Duplicates: 0  Warnings: 0
 MySQL  localhost:3306 ssl  eva_2  SQL > select * from maestro;
+----+---------+
| id | dato    |
+----+---------+
|  1 | humano  |
|  2 | humano2 |
|  4 | humano4 |
+----+---------+
3 rows in set (0.0258 sec)
 MySQL  localhost:3306 ssl  eva_2  SQL > desc detalle;
+------------+-------------+------+-----+---------+----------------+
| Field      | Type        | Null | Key | Default | Extra          |
+------------+-------------+------+-----+---------+----------------+
| id         | int         | NO   | PRI | NULL    | auto_increment |
| id_maestro | int         | YES  | MUL | NULL    |                |
| dato       | varchar(20) | NO   |     | NULL    |                |
+------------+-------------+------+-----+---------+----------------+
3 rows in set (0.0030 sec)
 MySQL  localhost:3306 ssl  eva_2  SQL > insert into detalle(id_maestro) values(15);
ERROR: 1364 (HY000): Field 'dato' doesn't have a default value
 MySQL  localhost:3306 ssl  eva_2  SQL > insert into detalle(id_maestro, dato) values(15, 'wachumara');
Query OK, 1 row affected (0.2230 sec)
 MySQL  localhost:3306 ssl  eva_2  SQL > select * from maestro;
+----+---------+
| id | dato    |
+----+---------+
|  1 | humano  |
|  2 | humano2 |
|  4 | humano4 |
+----+---------+
3 rows in set (0.0010 sec)
 MySQL  localhost:3306 ssl  eva_2  SQL > select * from detalle;
+----+------------+-----------+
| id | id_maestro | dato      |
+----+------------+-----------+
|  2 |          1 | COSA      |
|  3 |          2 | xd        |
|  4 |       NULL | lmao      |
|  5 |          4 | lol       |
|  6 |       NULL | a         |
|  7 |         15 | wachumara |
+----+------------+-----------+
6 rows in set (0.0009 sec)
 MySQL  localhost:3306 ssl  eva_2  SQL > alter table detalle
                                      -> add foreign key
                                      -> (id_maestro) references maestro (id) on delete cascade;
ERROR: 1452 (23000): Cannot add or update a child row: a foreign key constraint fails (`eva_2`.`#sql-1264_8`, CONSTRAINT `detalle_ibfk_1` FOREIGN KEY (`id_maestro`) REFERENCES `maestro` (`id`) ON DELETE CASCADE)
 MySQL  localhost:3306 ssl  eva_2  SQL > delete from detalle where id_maestro = 15;
Query OK, 1 row affected (0.1197 sec)
 MySQL  localhost:3306 ssl  eva_2  SQL > alter table detalle add foreign key (id_maestro) references maestro (id) on delete cascade ond update cascade;
ERROR: 1064 (42000): You have an error in your SQL syntax; check the manual that corresponds to your MySQL server version for the right syntax to use near 'ond update cascade' at line 1
 MySQL  localhost:3306 ssl  eva_2  SQL > alter table detalle add foreign key (id_maestro) references maestro (id) on delete cascade on update cascade;
Query OK, 5 rows affected (0.5382 sec)

Records: 5  Duplicates: 0  Warnings: 0
 MySQL  localhost:3306 ssl  eva_2  SQL > show create table detalle;
+---------+----------------------------------------------------------------------------------------------------------------------------------------------------------------------------------------------------------------------------------------------------------------------------------------------------------------------------------------------------------------------------------------------------+
| Table   | Create Table                                                                                                                                                                                                                                                                                                                                                                                       |
+---------+----------------------------------------------------------------------------------------------------------------------------------------------------------------------------------------------------------------------------------------------------------------------------------------------------------------------------------------------------------------------------------------------------+
| detalle | CREATE TABLE `detalle` (
  `id` int NOT NULL AUTO_INCREMENT,
  `id_maestro` int DEFAULT NULL,
  `dato` varchar(20) NOT NULL,
  PRIMARY KEY (`id`),
  KEY `id_maestro` (`id_maestro`),
  CONSTRAINT `detalle_ibfk_1` FOREIGN KEY (`id_maestro`) REFERENCES `maestro` (`id`) ON DELETE CASCADE ON UPDATE CASCADE
) ENGINE=InnoDB AUTO_INCREMENT=8 DEFAULT CHARSET=utf8mb4 COLLATE=utf8mb4_0900_ai_ci |
+---------+----------------------------------------------------------------------------------------------------------------------------------------------------------------------------------------------------------------------------------------------------------------------------------------------------------------------------------------------------------------------------------------------------+
1 row in set (0.0016 sec)
 MySQL  localhost:3306 ssl  eva_2  SQL > dec information_schema.table_constraints;
ERROR: 1064 (42000): You have an error in your SQL syntax; check the manual that corresponds to your MySQL server version for the right syntax to use near 'dec information_schema.table_constraints' at line 1
 MySQL  localhost:3306 ssl  eva_2  SQL > desc information_schema.table_constraints;
+--------------------+-------------+------+-----+---------+-------+
| Field              | Type        | Null | Key | Default | Extra |
+--------------------+-------------+------+-----+---------+-------+
| CONSTRAINT_CATALOG | varchar(64) | YES  |     | NULL    |       |
| CONSTRAINT_SCHEMA  | varchar(64) | YES  |     | NULL    |       |
| CONSTRAINT_NAME    | varchar(64) | YES  |     | NULL    |       |
| TABLE_SCHEMA       | varchar(64) | YES  |     | NULL    |       |
| TABLE_NAME         | varchar(64) | YES  |     | NULL    |       |
| CONSTRAINT_TYPE    | varchar(11) | NO   |     |         |       |
| ENFORCED           | varchar(3)  | NO   |     |         |       |
+--------------------+-------------+------+-----+---------+-------+
7 rows in set (0.0044 sec)
 MySQL  localhost:3306 ssl  eva_2  SQL > select constraint_name, constraint_type, table_name from information_schema.table.constraints;
ERROR: 1064 (42000): You have an error in your SQL syntax; check the manual that corresponds to your MySQL server version for the right syntax to use near '.constraints' at line 1
 MySQL  localhost:3306 ssl  eva_2  SQL > select constraint_name, constraint_type, table_name from information_schema.table_constraints;
+--------------------------------------+-----------------+------------------------------------------------------+
| CONSTRAINT_NAME                      | CONSTRAINT_TYPE | TABLE_NAME                                           |
+--------------------------------------+-----------------+------------------------------------------------------+
| PRIMARY                              | PRIMARY KEY     | innodb_table_stats                                   |
| PRIMARY                              | PRIMARY KEY     | innodb_index_stats                                   |
| PRIMARY                              | PRIMARY KEY     | cond_instances                                       |
| PRIMARY                              | PRIMARY KEY     | error_log                                            |
| PRIMARY                              | PRIMARY KEY     | events_waits_current                                 |
| PRIMARY                              | PRIMARY KEY     | events_waits_history                                 |
| HOST                                 | UNIQUE          | events_waits_summary_by_host_by_event_name           |
| PRIMARY                              | PRIMARY KEY     | events_waits_summary_by_instance                     |
| PRIMARY                              | PRIMARY KEY     | events_waits_summary_by_thread_by_event_name         |
| USER                                 | UNIQUE          | events_waits_summary_by_user_by_event_name           |
| ACCOUNT                              | UNIQUE          | events_waits_summary_by_account_by_event_name        |
| PRIMARY                              | PRIMARY KEY     | events_waits_summary_global_by_event_name            |
| PRIMARY                              | PRIMARY KEY     | file_instances                                       |
| PRIMARY                              | PRIMARY KEY     | file_summary_by_event_name                           |
| PRIMARY                              | PRIMARY KEY     | file_summary_by_instance                             |
| PRIMARY                              | PRIMARY KEY     | host_cache                                           |
| PRIMARY                              | PRIMARY KEY     | mutex_instances                                      |
| OBJECT                               | UNIQUE          | objects_summary_global_by_type                       |
| PRIMARY                              | PRIMARY KEY     | processlist                                          |
| PRIMARY                              | PRIMARY KEY     | rwlock_instances                                     |
| PRIMARY                              | PRIMARY KEY     | setup_actors                                         |
| PRIMARY                              | PRIMARY KEY     | setup_consumers                                      |
| PRIMARY                              | PRIMARY KEY     | setup_instruments                                    |
| OBJECT                               | UNIQUE          | setup_objects                                        |
| PRIMARY                              | PRIMARY KEY     | setup_threads                                        |
| OBJECT                               | UNIQUE          | table_io_waits_summary_by_index_usage                |
| OBJECT                               | UNIQUE          | table_io_waits_summary_by_table                      |
| OBJECT                               | UNIQUE          | table_lock_waits_summary_by_table                    |
| PRIMARY                              | PRIMARY KEY     | threads                                              |
| PRIMARY                              | PRIMARY KEY     | events_stages_current                                |
| PRIMARY                              | PRIMARY KEY     | events_stages_history                                |
| PRIMARY                              | PRIMARY KEY     | events_stages_summary_by_thread_by_event_name        |
| ACCOUNT                              | UNIQUE          | events_stages_summary_by_account_by_event_name       |
| USER                                 | UNIQUE          | events_stages_summary_by_user_by_event_name          |
| HOST                                 | UNIQUE          | events_stages_summary_by_host_by_event_name          |
| PRIMARY                              | PRIMARY KEY     | events_stages_summary_global_by_event_name           |
| PRIMARY                              | PRIMARY KEY     | events_statements_current                            |
| PRIMARY                              | PRIMARY KEY     | events_statements_history                            |
| PRIMARY                              | PRIMARY KEY     | events_statements_summary_by_thread_by_event_name    |
| ACCOUNT                              | UNIQUE          | events_statements_summary_by_account_by_event_name   |
| USER                                 | UNIQUE          | events_statements_summary_by_user_by_event_name      |
| HOST                                 | UNIQUE          | events_statements_summary_by_host_by_event_name      |
| PRIMARY                              | PRIMARY KEY     | events_statements_summary_global_by_event_name       |
| SCHEMA_NAME                          | UNIQUE          | events_statements_summary_by_digest                  |
| PRIMARY                              | PRIMARY KEY     | events_statements_summary_by_program                 |
| PRIMARY                              | PRIMARY KEY     | events_statements_histogram_global                   |
| SCHEMA_NAME                          | UNIQUE          | events_statements_histogram_by_digest                |
| PRIMARY                              | PRIMARY KEY     | events_transactions_current                          |
| PRIMARY                              | PRIMARY KEY     | events_transactions_history                          |
| PRIMARY                              | PRIMARY KEY     | events_transactions_summary_by_thread_by_event_name  |
| ACCOUNT                              | UNIQUE          | events_transactions_summary_by_account_by_event_name |
| USER                                 | UNIQUE          | events_transactions_summary_by_user_by_event_name    |
| HOST                                 | UNIQUE          | events_transactions_summary_by_host_by_event_name    |
| PRIMARY                              | PRIMARY KEY     | events_transactions_summary_global_by_event_name     |
| USER                                 | UNIQUE          | events_errors_summary_by_user_by_error               |
| HOST                                 | UNIQUE          | events_errors_summary_by_host_by_error               |
| ACCOUNT                              | UNIQUE          | events_errors_summary_by_account_by_error            |
| THREAD_ID                            | UNIQUE          | events_errors_summary_by_thread_by_error             |
| ERROR_NUMBER                         | UNIQUE          | events_errors_summary_global_by_error                |
| USER                                 | UNIQUE          | users                                                |
| ACCOUNT                              | UNIQUE          | accounts                                             |
| HOST                                 | UNIQUE          | hosts                                                |
| PRIMARY                              | PRIMARY KEY     | socket_instances                                     |
| PRIMARY                              | PRIMARY KEY     | socket_summary_by_instance                           |
| PRIMARY                              | PRIMARY KEY     | socket_summary_by_event_name                         |
| PRIMARY                              | PRIMARY KEY     | session_connect_attrs                                |
| PRIMARY                              | PRIMARY KEY     | session_account_connect_attrs                        |
| PRIMARY                              | PRIMARY KEY     | memory_summary_global_by_event_name                  |
| ACCOUNT                              | UNIQUE          | memory_summary_by_account_by_event_name              |
| HOST                                 | UNIQUE          | memory_summary_by_host_by_event_name                 |
| PRIMARY                              | PRIMARY KEY     | memory_summary_by_thread_by_event_name               |
| USER                                 | UNIQUE          | memory_summary_by_user_by_event_name                 |
| PRIMARY                              | PRIMARY KEY     | table_handles                                        |
| PRIMARY                              | PRIMARY KEY     | metadata_locks                                       |
| PRIMARY                              | PRIMARY KEY     | data_locks                                           |
| PRIMARY                              | PRIMARY KEY     | replication_connection_configuration                 |
| PRIMARY                              | PRIMARY KEY     | replication_connection_status                        |
| PRIMARY                              | PRIMARY KEY     | replication_applier_configuration                    |
| PRIMARY                              | PRIMARY KEY     | replication_applier_status                           |
| PRIMARY                              | PRIMARY KEY     | replication_applier_status_by_coordinator            |
| PRIMARY                              | PRIMARY KEY     | replication_applier_status_by_worker                 |
| OWNER_THREAD_ID                      | UNIQUE          | prepared_statements_instances                        |
| PRIMARY                              | PRIMARY KEY     | prepared_statements_instances                        |
| PRIMARY                              | PRIMARY KEY     | user_variables_by_thread                             |
| ACCOUNT                              | UNIQUE          | status_by_account                                    |
| HOST                                 | UNIQUE          | status_by_host                                       |
| PRIMARY                              | PRIMARY KEY     | status_by_thread                                     |
| USER                                 | UNIQUE          | status_by_user                                       |
| PRIMARY                              | PRIMARY KEY     | global_status                                        |
| PRIMARY                              | PRIMARY KEY     | session_status                                       |
| PRIMARY                              | PRIMARY KEY     | variables_by_thread                                  |
| PRIMARY                              | PRIMARY KEY     | global_variables                                     |
| PRIMARY                              | PRIMARY KEY     | session_variables                                    |
| PRIMARY                              | PRIMARY KEY     | persisted_variables                                  |
| PRIMARY                              | PRIMARY KEY     | user_defined_functions                               |
| PRIMARY                              | PRIMARY KEY     | db                                                   |
| PRIMARY                              | PRIMARY KEY     | user                                                 |
| PRIMARY                              | PRIMARY KEY     | default_roles                                        |
| PRIMARY                              | PRIMARY KEY     | role_edges                                           |
| PRIMARY                              | PRIMARY KEY     | global_grants                                        |
| PRIMARY                              | PRIMARY KEY     | password_history                                     |
| PRIMARY                              | PRIMARY KEY     | func                                                 |
| PRIMARY                              | PRIMARY KEY     | plugin                                               |
| name                                 | UNIQUE          | help_topic                                           |
| PRIMARY                              | PRIMARY KEY     | help_topic                                           |
| name                                 | UNIQUE          | help_category                                        |
| PRIMARY                              | PRIMARY KEY     | help_category                                        |
| PRIMARY                              | PRIMARY KEY     | help_relation                                        |
| PRIMARY                              | PRIMARY KEY     | servers                                              |
| PRIMARY                              | PRIMARY KEY     | tables_priv                                          |
| PRIMARY                              | PRIMARY KEY     | columns_priv                                         |
| name                                 | UNIQUE          | help_keyword                                         |
| PRIMARY                              | PRIMARY KEY     | help_keyword                                         |
| PRIMARY                              | PRIMARY KEY     | time_zone_name                                       |
| PRIMARY                              | PRIMARY KEY     | time_zone                                            |
| PRIMARY                              | PRIMARY KEY     | time_zone_transition                                 |
| PRIMARY                              | PRIMARY KEY     | time_zone_transition_type                            |
| PRIMARY                              | PRIMARY KEY     | time_zone_leap_second                                |
| PRIMARY                              | PRIMARY KEY     | procs_priv                                           |
| PRIMARY                              | PRIMARY KEY     | component                                            |
| PRIMARY                              | PRIMARY KEY     | slave_relay_log_info                                 |
| PRIMARY                              | PRIMARY KEY     | slave_master_info                                    |
| PRIMARY                              | PRIMARY KEY     | slave_worker_info                                    |
| PRIMARY                              | PRIMARY KEY     | gtid_executed                                        |
| PRIMARY                              | PRIMARY KEY     | replication_asynchronous_connection_failover         |
| PRIMARY                              | PRIMARY KEY     | replication_asynchronous_connection_failover_managed |
| PRIMARY                              | PRIMARY KEY     | replication_group_member_actions                     |
| PRIMARY                              | PRIMARY KEY     | replication_group_configuration_version              |
| PRIMARY                              | PRIMARY KEY     | server_cost                                          |
| PRIMARY                              | PRIMARY KEY     | engine_cost                                          |
| PRIMARY                              | PRIMARY KEY     | proxies_priv                                         |
| PRIMARY                              | PRIMARY KEY     | ndb_binlog_index                                     |
| PRIMARY                              | PRIMARY KEY     | sys_config                                           |
| PRIMARY                              | PRIMARY KEY     | actor                                                |
| PRIMARY                              | PRIMARY KEY     | address                                              |
| fk_address_city                      | FOREIGN KEY     | address                                              |
| PRIMARY                              | PRIMARY KEY     | category                                             |
| PRIMARY                              | PRIMARY KEY     | city                                                 |
| fk_city_country                      | FOREIGN KEY     | city                                                 |
| PRIMARY                              | PRIMARY KEY     | country                                              |
| PRIMARY                              | PRIMARY KEY     | customer                                             |
| fk_customer_address                  | FOREIGN KEY     | customer                                             |
| fk_customer_store                    | FOREIGN KEY     | customer                                             |
| PRIMARY                              | PRIMARY KEY     | film                                                 |
| fk_film_language                     | FOREIGN KEY     | film                                                 |
| fk_film_language_original            | FOREIGN KEY     | film                                                 |
| PRIMARY                              | PRIMARY KEY     | film_actor                                           |
| fk_film_actor_actor                  | FOREIGN KEY     | film_actor                                           |
| fk_film_actor_film                   | FOREIGN KEY     | film_actor                                           |
| PRIMARY                              | PRIMARY KEY     | film_category                                        |
| fk_film_category_category            | FOREIGN KEY     | film_category                                        |
| fk_film_category_film                | FOREIGN KEY     | film_category                                        |
| PRIMARY                              | PRIMARY KEY     | film_text                                            |
| PRIMARY                              | PRIMARY KEY     | inventory                                            |
| fk_inventory_film                    | FOREIGN KEY     | inventory                                            |
| fk_inventory_store                   | FOREIGN KEY     | inventory                                            |
| PRIMARY                              | PRIMARY KEY     | language                                             |
| PRIMARY                              | PRIMARY KEY     | payment                                              |
| fk_payment_customer                  | FOREIGN KEY     | payment                                              |
| fk_payment_rental                    | FOREIGN KEY     | payment                                              |
| fk_payment_staff                     | FOREIGN KEY     | payment                                              |
| PRIMARY                              | PRIMARY KEY     | rental                                               |
| rental_date                          | UNIQUE          | rental                                               |
| fk_rental_customer                   | FOREIGN KEY     | rental                                               |
| fk_rental_inventory                  | FOREIGN KEY     | rental                                               |
| fk_rental_staff                      | FOREIGN KEY     | rental                                               |
| PRIMARY                              | PRIMARY KEY     | staff                                                |
| fk_staff_address                     | FOREIGN KEY     | staff                                                |
| fk_staff_store                       | FOREIGN KEY     | staff                                                |
| idx_unique_manager                   | UNIQUE          | store                                                |
| PRIMARY                              | PRIMARY KEY     | store                                                |
| fk_store_address                     | FOREIGN KEY     | store                                                |
| fk_store_staff                       | FOREIGN KEY     | store                                                |
| PRIMARY                              | PRIMARY KEY     | entradasalidadinero                                  |
| fkEntradaSalidaDineroIngresosEgresos | FOREIGN KEY     | entradasalidadinero                                  |
| fkEntradaSalidaDineroPersonas        | FOREIGN KEY     | entradasalidadinero                                  |
| PRIMARY                              | PRIMARY KEY     | estatuspendiente                                     |
| PRIMARY                              | PRIMARY KEY     | grupoingeg                                           |
| PRIMARY                              | PRIMARY KEY     | ingresosegresos                                      |
| fkIngresosEgresosGrupoIngEg          | FOREIGN KEY     | ingresosegresos                                      |
| fkIngresosEgresosTipoIngEg           | FOREIGN KEY     | ingresosegresos                                      |
| PRIMARY                              | PRIMARY KEY     | pendientes                                           |
| fkPendientesEstatusPendiente         | FOREIGN KEY     | pendientes                                           |
| fkPendientesPersonaAsignado          | FOREIGN KEY     | pendientes                                           |
| fkPendientesPersonaQueAsigno         | FOREIGN KEY     | pendientes                                           |
| PRIMARY                              | PRIMARY KEY     | personas                                             |
| PRIMARY                              | PRIMARY KEY     | tipoingeg                                            |
| PRIMARY                              | PRIMARY KEY     | usuarios                                             |
| fkUsuariosPersonas                   | FOREIGN KEY     | usuarios                                             |
| PRIMARY                              | PRIMARY KEY     | usuarios                                             |
| PRIMARY                              | PRIMARY KEY     | maestros                                             |
| PRIMARY                              | PRIMARY KEY     | alumnos                                              |
| PRIMARY                              | PRIMARY KEY     | director                                             |
| PRIMARY                              | PRIMARY KEY     | genero                                               |
| PRIMARY                              | PRIMARY KEY     | pelicula                                             |
| fkdirector                           | FOREIGN KEY     | pelicula                                             |
| fkgenero                             | FOREIGN KEY     | pelicula                                             |
| PRIMARY                              | PRIMARY KEY     | director                                             |
| PRIMARY                              | PRIMARY KEY     | genero                                               |
| PRIMARY                              | PRIMARY KEY     | pelicula                                             |
| fkdirector                           | FOREIGN KEY     | pelicula                                             |
| fkgenero                             | FOREIGN KEY     | pelicula                                             |
| no_control                           | UNIQUE          | estudiantes                                          |
| PRIMARY                              | PRIMARY KEY     | asignaturas                                          |
| PRIMARY                              | PRIMARY KEY     | docentes                                             |
| PRIMARY                              | PRIMARY KEY     | carreras                                             |
| PRIMARY                              | PRIMARY KEY     | personas                                             |
| personas_chk_1                       | CHECK           | personas                                             |
| PRIMARY                              | PRIMARY KEY     | automovil                                            |
| automovil_chk_1                      | CHECK           | automovil                                            |
| automovil_chk_2                      | CHECK           | automovil                                            |
| PRIMARY                              | PRIMARY KEY     | vendedor                                             |
| PRIMARY                              | PRIMARY KEY     | cliente                                              |
| PRIMARY                              | PRIMARY KEY     | copia_per                                            |
| copia_per_chk_1                      | CHECK           | copia_per                                            |
| PRIMARY                              | PRIMARY KEY     | customer                                             |
| PRIMARY                              | PRIMARY KEY     | actor2                                               |
| PRIMARY                              | PRIMARY KEY     | bank                                                 |
| PRIMARY                              | PRIMARY KEY     | card_type                                            |
| PRIMARY                              | PRIMARY KEY     | customer                                             |
| PRIMARY                              | PRIMARY KEY     | card_data                                            |
| PRIMARY                              | PRIMARY KEY     | employee_info                                        |
| PRIMARY                              | PRIMARY KEY     | employees_family                                     |
| PRIMARY                              | PRIMARY KEY     | personal_information                                 |
| PRIMARY                              | PRIMARY KEY     | professional_information                             |
| PRIMARY                              | PRIMARY KEY     | product                                              |
| PRIMARY                              | PRIMARY KEY     | torder                                               |
| PRIMARY                              | PRIMARY KEY     | customer                                             |
| PRIMARY                              | PRIMARY KEY     | factura                                              |
| PRIMARY                              | PRIMARY KEY     | detalle_factura                                      |
| detalle_factura_ibfk_1               | FOREIGN KEY     | detalle_factura                                      |
| PRIMARY                              | PRIMARY KEY     | maestro                                              |
| PRIMARY                              | PRIMARY KEY     | contacts                                             |
| PRIMARY                              | PRIMARY KEY     | phones                                               |
| phones_ibfk_1                        | FOREIGN KEY     | phones                                               |
| PRIMARY                              | PRIMARY KEY     | detalle                                              |
| detalle_ibfk_1                       | FOREIGN KEY     | detalle                                              |
+--------------------------------------+-----------------+------------------------------------------------------+
237 rows in set (0.0416 sec)
 MySQL  localhost:3306 ssl  eva_2  SQL > select constraint_name, constraint_type, table_name from information_schema.table_constraints where table_name ='detalle';
+-----------------+-----------------+------------+
| CONSTRAINT_NAME | CONSTRAINT_TYPE | TABLE_NAME |
+-----------------+-----------------+------------+
| PRIMARY         | PRIMARY KEY     | detalle    |
| detalle_ibfk_1  | FOREIGN KEY     | detalle    |
+-----------------+-----------------+------------+
2 rows in set (0.0028 sec)
 MySQL  localhost:3306 ssl  eva_2  SQL > use evaluacion_1;
Default schema set to `evaluacion_1`.
Fetching global names, object names from `evaluacion_1` for auto-completion... Press ^C to stop.
 MySQL  localhost:3306 ssl  evaluacion_1  SQL > show tables;
+------------------------+
| Tables_in_evaluacion_1 |
+------------------------+
| actor                  |
| actor2                 |
| asignaturas            |
| carreras               |
| copia_per              |
| copia_per2             |
| customer               |
| docentes               |
| empleados              |
| estudiantes            |
| film_category          |
| personas               |
| primer_tabla           |
| shirts                 |
+------------------------+
14 rows in set (0.0030 sec)
 MySQL  localhost:3306 ssl  evaluacion_1  SQL > select constraint_name, constraint_type, table_name from information_schema.table_constraints where constraint_type = 'CHECK';
+-----------------+-----------------+------------+
| CONSTRAINT_NAME | CONSTRAINT_TYPE | TABLE_NAME |
+-----------------+-----------------+------------+
| personas_chk_1  | CHECK           | personas   |
| automovil_chk_1 | CHECK           | automovil  |
| automovil_chk_2 | CHECK           | automovil  |
| copia_per_chk_1 | CHECK           | copia_per  |
+-----------------+-----------------+------------+
4 rows in set (0.0094 sec)
 MySQL  localhost:3306 ssl  evaluacion_1  SQL > select constraint_name, constraint_type, table_name from information_schema.table_constraints where constraint_type = 'FOREIGN KEY';
+--------------------------------------+-----------------+---------------------+
| CONSTRAINT_NAME                      | CONSTRAINT_TYPE | TABLE_NAME          |
+--------------------------------------+-----------------+---------------------+
| fk_address_city                      | FOREIGN KEY     | address             |
| fk_city_country                      | FOREIGN KEY     | city                |
| fk_customer_address                  | FOREIGN KEY     | customer            |
| fk_customer_store                    | FOREIGN KEY     | customer            |
| fk_film_language                     | FOREIGN KEY     | film                |
| fk_film_language_original            | FOREIGN KEY     | film                |
| fk_film_actor_actor                  | FOREIGN KEY     | film_actor          |
| fk_film_actor_film                   | FOREIGN KEY     | film_actor          |
| fk_film_category_category            | FOREIGN KEY     | film_category       |
| fk_film_category_film                | FOREIGN KEY     | film_category       |
| fk_inventory_film                    | FOREIGN KEY     | inventory           |
| fk_inventory_store                   | FOREIGN KEY     | inventory           |
| fk_payment_customer                  | FOREIGN KEY     | payment             |
| fk_payment_rental                    | FOREIGN KEY     | payment             |
| fk_payment_staff                     | FOREIGN KEY     | payment             |
| fk_rental_customer                   | FOREIGN KEY     | rental              |
| fk_rental_inventory                  | FOREIGN KEY     | rental              |
| fk_rental_staff                      | FOREIGN KEY     | rental              |
| fk_staff_address                     | FOREIGN KEY     | staff               |
| fk_staff_store                       | FOREIGN KEY     | staff               |
| fk_store_address                     | FOREIGN KEY     | store               |
| fk_store_staff                       | FOREIGN KEY     | store               |
| fkEntradaSalidaDineroIngresosEgresos | FOREIGN KEY     | entradasalidadinero |
| fkEntradaSalidaDineroPersonas        | FOREIGN KEY     | entradasalidadinero |
| fkIngresosEgresosGrupoIngEg          | FOREIGN KEY     | ingresosegresos     |
| fkIngresosEgresosTipoIngEg           | FOREIGN KEY     | ingresosegresos     |
| fkPendientesEstatusPendiente         | FOREIGN KEY     | pendientes          |
| fkPendientesPersonaAsignado          | FOREIGN KEY     | pendientes          |
| fkPendientesPersonaQueAsigno         | FOREIGN KEY     | pendientes          |
| fkUsuariosPersonas                   | FOREIGN KEY     | usuarios            |
| fkdirector                           | FOREIGN KEY     | pelicula            |
| fkgenero                             | FOREIGN KEY     | pelicula            |
| fkdirector                           | FOREIGN KEY     | pelicula            |
| fkgenero                             | FOREIGN KEY     | pelicula            |
| detalle_factura_ibfk_1               | FOREIGN KEY     | detalle_factura     |
| phones_ibfk_1                        | FOREIGN KEY     | phones              |
| detalle_ibfk_1                       | FOREIGN KEY     | detalle             |
+--------------------------------------+-----------------+---------------------+
37 rows in set (0.0108 sec)
 MySQL  localhost:3306 ssl  evaluacion_1  SQL > use eva_2;
Default schema set to `eva_2`.
Fetching global names, object names from `eva_2` for auto-completion... Press ^C to stop.
 MySQL  localhost:3306 ssl  eva_2  SQL > show tables;
+-----------------+
| Tables_in_eva_2 |
+-----------------+
| contacts        |
| detalle         |
| detalle_factura |
| factura         |
| maestro         |
| phones          |
+-----------------+
6 rows in set (0.0026 sec)
 MySQL  localhost:3306 ssl  eva_2  SQL > select create table phones;
ERROR: 1064 (42000): You have an error in your SQL syntax; check the manual that corresponds to your MySQL server version for the right syntax to use near 'create table phones' at line 1
 MySQL  localhost:3306 ssl  eva_2  SQL > show create table phones;
+--------+----------------------------------------------------------------------------------------------------------------------------------------------------------------------------------------------------------------------------------------------------------------------------------------------------------------------------------------------------------------------------------------------------------------+
| Table  | Create Table                                                                                                                                                                                                                                                                                                                                                                                                   |
+--------+----------------------------------------------------------------------------------------------------------------------------------------------------------------------------------------------------------------------------------------------------------------------------------------------------------------------------------------------------------------------------------------------------------------+
| phones | CREATE TABLE `phones` (
  `phone_id` int NOT NULL AUTO_INCREMENT,
  `contact_id` int DEFAULT NULL,
  `phone` int NOT NULL,
  PRIMARY KEY (`phone_id`),
  KEY `contact_id` (`contact_id`),
  CONSTRAINT `phones_ibfk_1` FOREIGN KEY (`contact_id`) REFERENCES `contacts` (`concact_id`) ON DELETE CASCADE ON UPDATE CASCADE
) ENGINE=InnoDB AUTO_INCREMENT=7 DEFAULT CHARSET=utf8mb4 COLLATE=utf8mb4_0900_ai_ci |
+--------+----------------------------------------------------------------------------------------------------------------------------------------------------------------------------------------------------------------------------------------------------------------------------------------------------------------------------------------------------------------------------------------------------------------+
1 row in set (0.0038 sec)
 MySQL  localhost:3306 ssl  eva_2  SQL > alter table phones
                                      -> drop constraint phones_ibdk_1;
ERROR: 3940 (HY000): Constraint 'phones_ibdk_1' does not exist.
 MySQL  localhost:3306 ssl  eva_2  SQL > alter table phones drop constraint phones_ibfk_1;
Query OK, 0 rows affected (0.1080 sec)

Records: 0  Duplicates: 0  Warnings: 0
 MySQL  localhost:3306 ssl  eva_2  SQL > alter table phones add
                                      -> foreign key (contact_i)d references contacts (concact_id) on delete restrict on update set null;
ERROR: 1064 (42000): You have an error in your SQL syntax; check the manual that corresponds to your MySQL server version for the right syntax to use near 'd references contacts (concact_id) on delete restrict on update set null' at line 2
 MySQL  localhost:3306 ssl  eva_2  SQL > alter table phones add foreign key (contact_id) references contacts (concact_id) on delete restrict on update set null;
Query OK, 6 rows affected (0.3981 sec)

Records: 6  Duplicates: 0  Warnings: 0
 MySQL  localhost:3306 ssl  eva_2  SQL > show create table phones;
+--------+------------------------------------------------------------------------------------------------------------------------------------------------------------------------------------------------------------------------------------------------------------------------------------------------------------------------------------------------------------------------------------------------------------------+
| Table  | Create Table                                                                                                                                                                                                                                                                                                                                                                                                     |
+--------+------------------------------------------------------------------------------------------------------------------------------------------------------------------------------------------------------------------------------------------------------------------------------------------------------------------------------------------------------------------------------------------------------------------+
| phones | CREATE TABLE `phones` (
  `phone_id` int NOT NULL AUTO_INCREMENT,
  `contact_id` int DEFAULT NULL,
  `phone` int NOT NULL,
  PRIMARY KEY (`phone_id`),
  KEY `contact_id` (`contact_id`),
  CONSTRAINT `phones_ibfk_1` FOREIGN KEY (`contact_id`) REFERENCES `contacts` (`concact_id`) ON DELETE RESTRICT ON UPDATE SET NULL
) ENGINE=InnoDB AUTO_INCREMENT=7 DEFAULT CHARSET=utf8mb4 COLLATE=utf8mb4_0900_ai_ci |
+--------+------------------------------------------------------------------------------------------------------------------------------------------------------------------------------------------------------------------------------------------------------------------------------------------------------------------------------------------------------------------------------------------------------------------+
1 row in set (0.0018 sec)
 MySQL  localhost:3306 ssl  eva_2  SQL > select * from phones;
+----------+------------+-------+
| phone_id | contact_id | phone |
+----------+------------+-------+
|        1 |          1 |  5532 |
|        2 |          1 |  2234 |
|        3 |          1 |  3211 |
|        4 |          2 |  3421 |
|        5 |          3 |  2341 |
|        6 |          3 |  6655 |
+----------+------------+-------+
6 rows in set (0.0019 sec)
 MySQL  localhost:3306 ssl  eva_2  SQL > select * from contacts;
+------------+-------+---------+---------+---------+
| concact_id | name  | company | address | zipcode |
+------------+-------+---------+---------+---------+
|          1 | Joe   | ABC     |     123 |   12345 |
|          2 | Jane  | XYZ     |     456 |   14454 |
|          3 | Chris | PDQ     |     789 |   14423 |
+------------+-------+---------+---------+---------+
3 rows in set (0.0041 sec)
 MySQL  localhost:3306 ssl  eva_2  SQL > delete from contacts where concact_id = 1;
ERROR: 1451 (23000): Cannot delete or update a parent row: a foreign key constraint fails (`eva_2`.`phones`, CONSTRAINT `phones_ibfk_1` FOREIGN KEY (`contact_id`) REFERENCES `contacts` (`concact_id`) ON DELETE RESTRICT ON UPDATE SET NULL)